
═══════════ MATCH 1: Maelketh wins @ 5.8s ═══════════
final HP: Pyrrhax Basaltborn=0  Maelketh=33
Pyrrhax Basaltborn: dealt 93 dmg | casts {"Blightloam Tithe":2,"Gravebloom Verdict":1} | fizzles 0 | policy errors 0 | winded ×0
Maelketh: dealt 137 dmg | casts {"Tidefang Lance":2,"Maelstrom Rend":2,"Kelpguard":1} | fizzles 0 | policy errors 0 | winded ×0
--- feed ---
  ✦ Maelketh casts Tidefang Lance (13.1♦)
  ✦ Pyrrhax Basaltborn casts Blightloam Tithe (15.9♦)
  ✦ Maelketh casts Tidefang Lance (13.1♦)
  ✦ Pyrrhax Basaltborn casts Blightloam Tithe (15.9♦)
  ✦ Maelketh casts Maelstrom Rend (30♦)
  ✦ Pyrrhax Basaltborn casts Gravebloom Verdict (38.6♦)
  ✦ Maelketh casts Kelpguard (14.1♦)
  ☠ Pyrrhax Basaltborn falls. Maelketh is victorious!
  ✦ Maelketh casts Maelstrom Rend (30♦)

═══════════ MATCH 2: Maelketh wins @ 3.7s ═══════════
final HP: Pyrrhax Basaltborn=0  Maelketh=82
Pyrrhax Basaltborn: dealt 30 dmg | casts {"Blightloam Tithe":2,"Gravebloom Verdict":1} | fizzles 0 | policy errors 0 | winded ×0
Maelketh: dealt 115 dmg | casts {"Tidefang Lance":2,"Maelstrom Rend":2} | fizzles 0 | policy errors 0 | winded ×0
--- feed ---
  ✦ Pyrrhax Basaltborn casts Blightloam Tithe (15.9♦)
  ✦ Maelketh casts Tidefang Lance (13.1♦)
  ✦ Maelketh casts Tidefang Lance (13.1♦)
  ✦ Pyrrhax Basaltborn casts Blightloam Tithe (15.9♦)
  ✦ Maelketh casts Maelstrom Rend (30♦)
  ✦ Pyrrhax Basaltborn casts Gravebloom Verdict (38.6♦)
  ☠ Pyrrhax Basaltborn falls. Maelketh is victorious!
  ✦ Maelketh casts Maelstrom Rend (30♦)

═══════════ MATCH 3: Maelketh wins @ 5.8s ═══════════
final HP: Pyrrhax Basaltborn=0  Maelketh=35
Pyrrhax Basaltborn: dealt 90 dmg | casts {"Blightloam Tithe":2,"Gravebloom Verdict":1} | fizzles 0 | policy errors 0 | winded ×0
Maelketh: dealt 138 dmg | casts {"Tidefang Lance":2,"Maelstrom Rend":2,"Kelpguard":1} | fizzles 0 | policy errors 0 | winded ×0
--- feed ---
  ✦ Maelketh casts Tidefang Lance (13.1♦)
  ✦ Pyrrhax Basaltborn casts Blightloam Tithe (15.9♦)
  ✦ Maelketh casts Tidefang Lance (13.1♦)
  ✦ Pyrrhax Basaltborn casts Blightloam Tithe (15.9♦)
  ✦ Maelketh casts Maelstrom Rend (30♦)
  ✦ Pyrrhax Basaltborn casts Gravebloom Verdict (38.6♦)
  ✦ Maelketh casts Kelpguard (14.1♦)
  ☠ Pyrrhax Basaltborn falls. Maelketh is victorious!
  ✦ Maelketh casts Maelstrom Rend (30♦)

═══════════ MATCH 4: Maelketh wins @ 5.8s ═══════════
final HP: Pyrrhax Basaltborn=0  Maelketh=37
Pyrrhax Basaltborn: dealt 90 dmg | casts {"Blightloam Tithe":2,"Gravebloom Verdict":1} | fizzles 0 | policy errors 0 | winded ×0
Maelketh: dealt 115 dmg | casts {"Tidefang Lance":2,"Maelstrom Rend":2,"Kelpguard":1} | fizzles 0 | policy errors 0 | winded ×0
--- feed ---
  ✦ Maelketh casts Tidefang Lance (13.1♦)
  ✦ Pyrrhax Basaltborn casts Blightloam Tithe (15.9♦)
  ✦ Maelketh casts Tidefang Lance (13.1♦)
  ✦ Pyrrhax Basaltborn casts Blightloam Tithe (15.9♦)
  ✦ Maelketh casts Maelstrom Rend (30♦)
  ✦ Pyrrhax Basaltborn casts Gravebloom Verdict (38.6♦)
  ✦ Maelketh casts Kelpguard (14.1♦)
  ☠ Pyrrhax Basaltborn falls. Maelketh is victorious!
  ✦ Maelketh casts Maelstrom Rend (30♦)

═══════════ MATCH 5: Maelketh wins @ 5.8s ═══════════
final HP: Pyrrhax Basaltborn=0  Maelketh=35
Pyrrhax Basaltborn: dealt 90 dmg | casts {"Blightloam Tithe":2,"Gravebloom Verdict":1} | fizzles 0 | policy errors 0 | winded ×0
Maelketh: dealt 138 dmg | casts {"Tidefang Lance":2,"Maelstrom Rend":2,"Kelpguard":1} | fizzles 0 | policy errors 0 | winded ×0
--- feed ---
  ✦ Maelketh casts Tidefang Lance (13.1♦)
  ✦ Pyrrhax Basaltborn casts Blightloam Tithe (15.9♦)
  ✦ Maelketh casts Tidefang Lance (13.1♦)
  ✦ Pyrrhax Basaltborn casts Blightloam Tithe (15.9♦)
  ✦ Maelketh casts Maelstrom Rend (30♦)
  ✦ Pyrrhax Basaltborn casts Gravebloom Verdict (38.6♦)
  ✦ Maelketh casts Kelpguard (14.1♦)
  ☠ Pyrrhax Basaltborn falls. Maelketh is victorious!
  ✦ Maelketh casts Maelstrom Rend (30♦)

═══════════ MATCH 6: Maelketh wins @ 3.8s ═══════════
final HP: Pyrrhax Basaltborn=0  Maelketh=35
Pyrrhax Basaltborn: dealt 78 dmg | casts {"Blightloam Tithe":2,"Gravebloom Verdict":1} | fizzles 0 | policy errors 0 | winded ×0
Maelketh: dealt 116 dmg | casts {"Tidefang Lance":2,"Maelstrom Rend":2} | fizzles 0 | policy errors 0 | winded ×0
--- feed ---
  ✦ Maelketh casts Tidefang Lance (13.1♦)
  ✦ Pyrrhax Basaltborn casts Blightloam Tithe (15.9♦)
  ✦ Maelketh casts Tidefang Lance (13.1♦)
  ✦ Pyrrhax Basaltborn casts Blightloam Tithe (15.9♦)
  ✦ Maelketh casts Maelstrom Rend (30♦)
  ✦ Pyrrhax Basaltborn casts Gravebloom Verdict (38.6♦)
  ☠ Pyrrhax Basaltborn falls. Maelketh is victorious!
  ✦ Maelketh casts Maelstrom Rend (30♦)

═══════════ MATCH 7: Maelketh wins @ 4s ═══════════
final HP: Pyrrhax Basaltborn=0  Maelketh=78
Pyrrhax Basaltborn: dealt 33 dmg | casts {"Blightloam Tithe":2,"Gravebloom Verdict":1} | fizzles 0 | policy errors 0 | winded ×0
Maelketh: dealt 137 dmg | casts {"Tidefang Lance":2,"Maelstrom Rend":2} | fizzles 0 | policy errors 0 | winded ×0
--- feed ---
  ✦ Pyrrhax Basaltborn casts Blightloam Tithe (15.9♦)
  ✦ Maelketh casts Tidefang Lance (13.1♦)
  ✦ Maelketh casts Tidefang Lance (13.1♦)
  ✦ Pyrrhax Basaltborn casts Blightloam Tithe (15.9♦)
  ✦ Maelketh casts Maelstrom Rend (30♦)
  ✦ Pyrrhax Basaltborn casts Gravebloom Verdict (38.6♦)
  ☠ Pyrrhax Basaltborn falls. Maelketh is victorious!
  ✦ Maelketh casts Maelstrom Rend (30♦)

═══════════ MATCH 8: Maelketh wins @ 3.8s ═══════════
final HP: Pyrrhax Basaltborn=0  Maelketh=78
Pyrrhax Basaltborn: dealt 33 dmg | casts {"Blightloam Tithe":2,"Gravebloom Verdict":1} | fizzles 0 | policy errors 0 | winded ×0
Maelketh: dealt 138 dmg | casts {"Tidefang Lance":2,"Maelstrom Rend":2} | fizzles 0 | policy errors 0 | winded ×0
--- feed ---
  ✦ Pyrrhax Basaltborn casts Blightloam Tithe (15.9♦)
  ✦ Maelketh casts Tidefang Lance (13.1♦)
  ✦ Maelketh casts Tidefang Lance (13.1♦)
  ✦ Pyrrhax Basaltborn casts Blightloam Tithe (15.9♦)
  ✦ Maelketh casts Maelstrom Rend (30♦)
  ✦ Pyrrhax Basaltborn casts Gravebloom Verdict (38.6♦)
  ☠ Pyrrhax Basaltborn falls. Maelketh is victorious!
  ✦ Maelketh casts Maelstrom Rend (30♦)

═══════════ MATCH 9: Maelketh wins @ 3.9s ═══════════
final HP: Pyrrhax Basaltborn=0  Maelketh=78
Pyrrhax Basaltborn: dealt 33 dmg | casts {"Blightloam Tithe":2,"Gravebloom Verdict":1} | fizzles 0 | policy errors 0 | winded ×0
Maelketh: dealt 137 dmg | casts {"Tidefang Lance":2,"Maelstrom Rend":2} | fizzles 0 | policy errors 0 | winded ×0
--- feed ---
  ✦ Pyrrhax Basaltborn casts Blightloam Tithe (15.9♦)
  ✦ Maelketh casts Tidefang Lance (13.1♦)
  ✦ Maelketh casts Tidefang Lance (13.1♦)
  ✦ Pyrrhax Basaltborn casts Blightloam Tithe (15.9♦)
  ✦ Maelketh casts Maelstrom Rend (30♦)
  ✦ Pyrrhax Basaltborn casts Gravebloom Verdict (38.6♦)
  ☠ Pyrrhax Basaltborn falls. Maelketh is victorious!
  ✦ Maelketh casts Maelstrom Rend (30♦)

★ RESULT over 9 matches: {"Pyrrhax Basaltborn":0,"Maelketh":9,"draw":0}
