
═══════════ MATCH 1: Maelketh wins @ 10s ═══════════
final HP: Pyrrhax Basaltborn=0  Maelketh=94
Pyrrhax Basaltborn: dealt 24 dmg | casts {"Bulwark of the Molten Vein":3,"Cairnfield Snare":2,"Blightloam Tithe":1} | fizzles 0 | policy errors 0 | winded ×0
Maelketh: dealt 168 dmg | casts {"Brinerot Hex":5,"Maelstrom Rend":1} | fizzles 0 | policy errors 0 | winded ×0
--- feed ---
  ✦ Pyrrhax Basaltborn casts Bulwark of the Molten Vein (19.3♦)
  ✦ Pyrrhax Basaltborn casts Cairnfield Snare (18♦)
  ✦ Pyrrhax Basaltborn casts Blightloam Tithe (15.9♦)
  ✦ Maelketh casts Brinerot Hex (19.7♦)
  ✦ Pyrrhax Basaltborn casts Cairnfield Snare (18♦)
  ✦ Maelketh casts Brinerot Hex (19.7♦)
  ✦ Maelketh casts Brinerot Hex (19.7♦)
  ✦ Pyrrhax Basaltborn casts Bulwark of the Molten Vein (19.3♦)
  ✦ Maelketh casts Brinerot Hex (19.7♦)
  ✦ Pyrrhax Basaltborn casts Bulwark of the Molten Vein (19.3♦)
  ✦ Maelketh casts Brinerot Hex (19.7♦)
  ☠ Pyrrhax Basaltborn falls. Maelketh is victorious!
  ✦ Maelketh casts Maelstrom Rend (27♦)

═══════════ MATCH 2: Maelketh wins @ 8.8s ═══════════
final HP: Pyrrhax Basaltborn=0  Maelketh=84
Pyrrhax Basaltborn: dealt 24 dmg | casts {"Bulwark of the Molten Vein":4,"Cairnfield Snare":1,"Blightloam Tithe":1} | fizzles 0 | policy errors 0 | winded ×0
Maelketh: dealt 185 dmg | casts {"Brinerot Hex":4,"Maelstrom Rend":1} | fizzles 0 | policy errors 0 | winded ×0
--- feed ---
  ✦ Pyrrhax Basaltborn casts Bulwark of the Molten Vein (19.3♦)
  ✦ Pyrrhax Basaltborn casts Cairnfield Snare (18♦)
  ✦ Pyrrhax Basaltborn casts Blightloam Tithe (15.9♦)
  ✦ Maelketh casts Brinerot Hex (19.7♦)
  ✦ Pyrrhax Basaltborn casts Bulwark of the Molten Vein (19.3♦)
  ✦ Maelketh casts Brinerot Hex (19.7♦)
  ✦ Maelketh casts Brinerot Hex (19.7♦)
  ✦ Pyrrhax Basaltborn casts Bulwark of the Molten Vein (19.3♦)
  ✦ Maelketh casts Brinerot Hex (19.7♦)
  ✦ Pyrrhax Basaltborn casts Bulwark of the Molten Vein (19.3♦)
  ☠ Pyrrhax Basaltborn falls. Maelketh is victorious!
  ✦ Maelketh casts Maelstrom Rend (27♦)

═══════════ MATCH 3: Maelketh wins @ 8.9s ═══════════
final HP: Pyrrhax Basaltborn=0  Maelketh=80
Pyrrhax Basaltborn: dealt 24 dmg | casts {"Bulwark of the Molten Vein":4,"Cairnfield Snare":1,"Blightloam Tithe":1} | fizzles 0 | policy errors 0 | winded ×0
Maelketh: dealt 190 dmg | casts {"Brinerot Hex":4,"Maelstrom Rend":1} | fizzles 0 | policy errors 0 | winded ×0
--- feed ---
  ✦ Pyrrhax Basaltborn casts Bulwark of the Molten Vein (19.3♦)
  ✦ Pyrrhax Basaltborn casts Cairnfield Snare (18♦)
  ✦ Pyrrhax Basaltborn casts Blightloam Tithe (15.9♦)
  ✦ Maelketh casts Brinerot Hex (19.7♦)
  ✦ Pyrrhax Basaltborn casts Bulwark of the Molten Vein (19.3♦)
  ✦ Maelketh casts Brinerot Hex (19.7♦)
  ✦ Maelketh casts Brinerot Hex (19.7♦)
  ✦ Pyrrhax Basaltborn casts Bulwark of the Molten Vein (19.3♦)
  ✦ Maelketh casts Brinerot Hex (19.7♦)
  ✦ Pyrrhax Basaltborn casts Bulwark of the Molten Vein (19.3♦)
  ☠ Pyrrhax Basaltborn falls. Maelketh is victorious!
  ✦ Maelketh casts Maelstrom Rend (27♦)

═══════════ MATCH 4: Maelketh wins @ 10s ═══════════
final HP: Pyrrhax Basaltborn=0  Maelketh=93
Pyrrhax Basaltborn: dealt 24 dmg | casts {"Bulwark of the Molten Vein":4,"Cairnfield Snare":2,"Blightloam Tithe":1} | fizzles 0 | policy errors 0 | winded ×0
Maelketh: dealt 168 dmg | casts {"Brinerot Hex":5,"Maelstrom Rend":1} | fizzles 0 | policy errors 0 | winded ×0
--- feed ---
  ✦ Pyrrhax Basaltborn casts Bulwark of the Molten Vein (19.3♦)
  ✦ Pyrrhax Basaltborn casts Cairnfield Snare (18♦)
  ✦ Pyrrhax Basaltborn casts Blightloam Tithe (15.9♦)
  ✦ Maelketh casts Brinerot Hex (19.7♦)
  ✦ Pyrrhax Basaltborn casts Cairnfield Snare (18♦)
  ✦ Maelketh casts Brinerot Hex (19.7♦)
  ✦ Maelketh casts Brinerot Hex (19.7♦)
  ✦ Pyrrhax Basaltborn casts Bulwark of the Molten Vein (19.3♦)
  ✦ Maelketh casts Brinerot Hex (19.7♦)
  ✦ Pyrrhax Basaltborn casts Bulwark of the Molten Vein (19.3♦)
  ✦ Maelketh casts Brinerot Hex (19.7♦)
  ✦ Pyrrhax Basaltborn casts Bulwark of the Molten Vein (19.3♦)
  ☠ Pyrrhax Basaltborn falls. Maelketh is victorious!
  ✦ Maelketh casts Maelstrom Rend (27♦)

═══════════ MATCH 5: Maelketh wins @ 8.8s ═══════════
final HP: Pyrrhax Basaltborn=0  Maelketh=84
Pyrrhax Basaltborn: dealt 24 dmg | casts {"Bulwark of the Molten Vein":4,"Cairnfield Snare":1,"Blightloam Tithe":1} | fizzles 0 | policy errors 0 | winded ×0
Maelketh: dealt 188 dmg | casts {"Brinerot Hex":4,"Maelstrom Rend":1} | fizzles 0 | policy errors 0 | winded ×0
--- feed ---
  ✦ Pyrrhax Basaltborn casts Bulwark of the Molten Vein (19.3♦)
  ✦ Pyrrhax Basaltborn casts Cairnfield Snare (18♦)
  ✦ Pyrrhax Basaltborn casts Blightloam Tithe (15.9♦)
  ✦ Maelketh casts Brinerot Hex (19.7♦)
  ✦ Pyrrhax Basaltborn casts Bulwark of the Molten Vein (19.3♦)
  ✦ Maelketh casts Brinerot Hex (19.7♦)
  ✦ Maelketh casts Brinerot Hex (19.7♦)
  ✦ Pyrrhax Basaltborn casts Bulwark of the Molten Vein (19.3♦)
  ✦ Maelketh casts Brinerot Hex (19.7♦)
  ✦ Pyrrhax Basaltborn casts Bulwark of the Molten Vein (19.3♦)
  ☠ Pyrrhax Basaltborn falls. Maelketh is victorious!
  ✦ Maelketh casts Maelstrom Rend (27♦)

═══════════ MATCH 6: Maelketh wins @ 5.7s ═══════════
final HP: Pyrrhax Basaltborn=0  Maelketh=65
Pyrrhax Basaltborn: dealt 49 dmg | casts {"Bulwark of the Molten Vein":3,"Cairnfield Snare":1,"Blightloam Tithe":1} | fizzles 0 | policy errors 0 | winded ×0
Maelketh: dealt 137 dmg | casts {"Brinerot Hex":3,"Maelstrom Rend":1} | fizzles 0 | policy errors 0 | winded ×0
--- feed ---
  ✦ Pyrrhax Basaltborn casts Bulwark of the Molten Vein (19.3♦)
  ✦ Pyrrhax Basaltborn casts Cairnfield Snare (18♦)
  ✦ Pyrrhax Basaltborn casts Blightloam Tithe (15.9♦)
  ✦ Maelketh casts Brinerot Hex (19.7♦)
  ✦ Pyrrhax Basaltborn casts Bulwark of the Molten Vein (19.3♦)
  ✦ Maelketh casts Brinerot Hex (19.7♦)
  ✦ Maelketh casts Brinerot Hex (19.7♦)
  ✦ Pyrrhax Basaltborn casts Bulwark of the Molten Vein (19.3♦)
  ✦ Maelketh casts Maelstrom Rend (27♦)
  ☠ Pyrrhax Basaltborn falls. Maelketh is victorious!

═══════════ MATCH 7: Maelketh wins @ 8.8s ═══════════
final HP: Pyrrhax Basaltborn=0  Maelketh=84
Pyrrhax Basaltborn: dealt 24 dmg | casts {"Bulwark of the Molten Vein":4,"Cairnfield Snare":1,"Blightloam Tithe":1} | fizzles 0 | policy errors 0 | winded ×0
Maelketh: dealt 184 dmg | casts {"Brinerot Hex":4,"Maelstrom Rend":1} | fizzles 0 | policy errors 0 | winded ×0
--- feed ---
  ✦ Pyrrhax Basaltborn casts Bulwark of the Molten Vein (19.3♦)
  ✦ Pyrrhax Basaltborn casts Cairnfield Snare (18♦)
  ✦ Pyrrhax Basaltborn casts Blightloam Tithe (15.9♦)
  ✦ Maelketh casts Brinerot Hex (19.7♦)
  ✦ Pyrrhax Basaltborn casts Bulwark of the Molten Vein (19.3♦)
  ✦ Maelketh casts Brinerot Hex (19.7♦)
  ✦ Maelketh casts Brinerot Hex (19.7♦)
  ✦ Pyrrhax Basaltborn casts Bulwark of the Molten Vein (19.3♦)
  ✦ Maelketh casts Brinerot Hex (19.7♦)
  ✦ Pyrrhax Basaltborn casts Bulwark of the Molten Vein (19.3♦)
  ☠ Pyrrhax Basaltborn falls. Maelketh is victorious!
  ✦ Maelketh casts Maelstrom Rend (27♦)

═══════════ MATCH 8: Maelketh wins @ 8.7s ═══════════
final HP: Pyrrhax Basaltborn=0  Maelketh=64
Pyrrhax Basaltborn: dealt 49 dmg | casts {"Bulwark of the Molten Vein":3,"Cairnfield Snare":2,"Blightloam Tithe":1} | fizzles 0 | policy errors 0 | winded ×0
Maelketh: dealt 188 dmg | casts {"Brinerot Hex":4,"Maelstrom Rend":1} | fizzles 0 | policy errors 0 | winded ×0
--- feed ---
  ✦ Pyrrhax Basaltborn casts Bulwark of the Molten Vein (19.3♦)
  ✦ Pyrrhax Basaltborn casts Cairnfield Snare (18♦)
  ✦ Pyrrhax Basaltborn casts Blightloam Tithe (15.9♦)
  ✦ Maelketh casts Brinerot Hex (19.7♦)
  ✦ Pyrrhax Basaltborn casts Cairnfield Snare (18♦)
  ✦ Maelketh casts Brinerot Hex (19.7♦)
  ✦ Maelketh casts Brinerot Hex (19.7♦)
  ✦ Pyrrhax Basaltborn casts Bulwark of the Molten Vein (19.3♦)
  ✦ Maelketh casts Brinerot Hex (19.7♦)
  ✦ Pyrrhax Basaltborn casts Bulwark of the Molten Vein (19.3♦)
  ☠ Pyrrhax Basaltborn falls. Maelketh is victorious!
  ✦ Maelketh casts Maelstrom Rend (27♦)

═══════════ MATCH 9: Maelketh wins @ 8.8s ═══════════
final HP: Pyrrhax Basaltborn=0  Maelketh=80
Pyrrhax Basaltborn: dealt 24 dmg | casts {"Bulwark of the Molten Vein":4,"Cairnfield Snare":1,"Blightloam Tithe":1} | fizzles 0 | policy errors 0 | winded ×0
Maelketh: dealt 190 dmg | casts {"Brinerot Hex":4,"Maelstrom Rend":1} | fizzles 0 | policy errors 0 | winded ×0
--- feed ---
  ✦ Pyrrhax Basaltborn casts Bulwark of the Molten Vein (19.3♦)
  ✦ Pyrrhax Basaltborn casts Cairnfield Snare (18♦)
  ✦ Pyrrhax Basaltborn casts Blightloam Tithe (15.9♦)
  ✦ Maelketh casts Brinerot Hex (19.7♦)
  ✦ Pyrrhax Basaltborn casts Bulwark of the Molten Vein (19.3♦)
  ✦ Maelketh casts Brinerot Hex (19.7♦)
  ✦ Maelketh casts Brinerot Hex (19.7♦)
  ✦ Pyrrhax Basaltborn casts Bulwark of the Molten Vein (19.3♦)
  ✦ Maelketh casts Brinerot Hex (19.7♦)
  ✦ Pyrrhax Basaltborn casts Bulwark of the Molten Vein (19.3♦)
  ☠ Pyrrhax Basaltborn falls. Maelketh is victorious!
  ✦ Maelketh casts Maelstrom Rend (27♦)

★ RESULT over 9 matches: {"Pyrrhax Basaltborn":0,"Maelketh":9,"draw":0}
