
═══════════ MATCH 1: Maelketh wins @ 3.6s ═══════════
final HP: Pyrrhax Basaltborn=0  Maelketh=67
Pyrrhax Basaltborn: dealt 59 dmg | casts {"Gravebloom Verdict":1,"Bulwark of the Molten Vein":1} | fizzles 0 | policy errors 0 | winded ×0
Maelketh: dealt 102 dmg | casts {"Tidefang Lance":1,"Kelpguard":1,"Maelstrom Rend":2} | fizzles 0 | policy errors 0 | winded ×0
--- feed ---
  ✦ Maelketh casts Tidefang Lance (13.1♦)
  ✦ Maelketh casts Kelpguard (18.5♦)
  ✦ Pyrrhax Basaltborn casts Gravebloom Verdict (39.1♦)
  ✦ Maelketh casts Maelstrom Rend (26.4♦)
  ✦ Pyrrhax Basaltborn casts Bulwark of the Molten Vein (19.6♦)
  ☠ Pyrrhax Basaltborn falls. Maelketh is victorious!
  ✦ Maelketh casts Maelstrom Rend (26.4♦)

═══════════ MATCH 2: Maelketh wins @ 1.6s ═══════════
final HP: Pyrrhax Basaltborn=0  Maelketh=62
Pyrrhax Basaltborn: dealt 59 dmg | casts {"Gravebloom Verdict":1} | fizzles 0 | policy errors 0 | winded ×0
Maelketh: dealt 104 dmg | casts {"Tidefang Lance":1,"Kelpguard":1,"Maelstrom Rend":1} | fizzles 0 | policy errors 0 | winded ×0
--- feed ---
  ✦ Maelketh casts Tidefang Lance (13.1♦)
  ✦ Maelketh casts Kelpguard (18.5♦)
  ✦ Pyrrhax Basaltborn casts Gravebloom Verdict (39.1♦)
  ☠ Pyrrhax Basaltborn falls. Maelketh is victorious!
  ✦ Maelketh casts Maelstrom Rend (26.4♦)

═══════════ MATCH 3: Maelketh wins @ 3.5s ═══════════
final HP: Pyrrhax Basaltborn=0  Maelketh=67
Pyrrhax Basaltborn: dealt 59 dmg | casts {"Gravebloom Verdict":1,"Bulwark of the Molten Vein":1} | fizzles 0 | policy errors 0 | winded ×0
Maelketh: dealt 101 dmg | casts {"Tidefang Lance":1,"Kelpguard":1,"Maelstrom Rend":2} | fizzles 0 | policy errors 0 | winded ×0
--- feed ---
  ✦ Maelketh casts Tidefang Lance (13.1♦)
  ✦ Maelketh casts Kelpguard (18.5♦)
  ✦ Pyrrhax Basaltborn casts Gravebloom Verdict (39.1♦)
  ✦ Maelketh casts Maelstrom Rend (26.4♦)
  ✦ Pyrrhax Basaltborn casts Bulwark of the Molten Vein (19.6♦)
  ☠ Pyrrhax Basaltborn falls. Maelketh is victorious!
  ✦ Maelketh casts Maelstrom Rend (26.4♦)

═══════════ MATCH 4: Maelketh wins @ 3.7s ═══════════
final HP: Pyrrhax Basaltborn=0  Maelketh=67
Pyrrhax Basaltborn: dealt 59 dmg | casts {"Gravebloom Verdict":1,"Bulwark of the Molten Vein":1} | fizzles 0 | policy errors 0 | winded ×0
Maelketh: dealt 102 dmg | casts {"Tidefang Lance":1,"Kelpguard":1,"Maelstrom Rend":2} | fizzles 0 | policy errors 0 | winded ×0
--- feed ---
  ✦ Maelketh casts Tidefang Lance (13.1♦)
  ✦ Maelketh casts Kelpguard (18.5♦)
  ✦ Pyrrhax Basaltborn casts Gravebloom Verdict (39.1♦)
  ✦ Maelketh casts Maelstrom Rend (26.4♦)
  ✦ Pyrrhax Basaltborn casts Bulwark of the Molten Vein (19.6♦)
  ☠ Pyrrhax Basaltborn falls. Maelketh is victorious!
  ✦ Maelketh casts Maelstrom Rend (26.4♦)

═══════════ MATCH 5: Maelketh wins @ 1.5s ═══════════
final HP: Pyrrhax Basaltborn=0  Maelketh=62
Pyrrhax Basaltborn: dealt 59 dmg | casts {"Gravebloom Verdict":1} | fizzles 0 | policy errors 0 | winded ×0
Maelketh: dealt 104 dmg | casts {"Tidefang Lance":1,"Kelpguard":1,"Maelstrom Rend":1} | fizzles 0 | policy errors 0 | winded ×0
--- feed ---
  ✦ Maelketh casts Tidefang Lance (13.1♦)
  ✦ Maelketh casts Kelpguard (18.5♦)
  ✦ Pyrrhax Basaltborn casts Gravebloom Verdict (39.1♦)
  ☠ Pyrrhax Basaltborn falls. Maelketh is victorious!
  ✦ Maelketh casts Maelstrom Rend (26.4♦)

═══════════ MATCH 6: Maelketh wins @ 2.2s ═══════════
final HP: Pyrrhax Basaltborn=0  Maelketh=47
Pyrrhax Basaltborn: dealt 59 dmg | casts {"Gravebloom Verdict":1,"Bulwark of the Molten Vein":1} | fizzles 0 | policy errors 0 | winded ×0
Maelketh: dealt 120 dmg | casts {"Tidefang Lance":1,"Maelstrom Rend":2} | fizzles 0 | policy errors 0 | winded ×0
--- feed ---
  ✦ Maelketh casts Tidefang Lance (13.1♦)
  ✦ Pyrrhax Basaltborn casts Gravebloom Verdict (39.1♦)
  ✦ Maelketh casts Maelstrom Rend (26.4♦)
  ✦ Pyrrhax Basaltborn casts Bulwark of the Molten Vein (19.6♦)
  ☠ Pyrrhax Basaltborn falls. Maelketh is victorious!
  ✦ Maelketh casts Maelstrom Rend (26.4♦)

═══════════ MATCH 7: Maelketh wins @ 2.2s ═══════════
final HP: Pyrrhax Basaltborn=0  Maelketh=47
Pyrrhax Basaltborn: dealt 59 dmg | casts {"Gravebloom Verdict":1,"Bulwark of the Molten Vein":1} | fizzles 0 | policy errors 0 | winded ×0
Maelketh: dealt 120 dmg | casts {"Tidefang Lance":1,"Maelstrom Rend":2} | fizzles 0 | policy errors 0 | winded ×0
--- feed ---
  ✦ Maelketh casts Tidefang Lance (13.1♦)
  ✦ Pyrrhax Basaltborn casts Gravebloom Verdict (39.1♦)
  ✦ Maelketh casts Maelstrom Rend (26.4♦)
  ✦ Pyrrhax Basaltborn casts Bulwark of the Molten Vein (19.6♦)
  ☠ Pyrrhax Basaltborn falls. Maelketh is victorious!
  ✦ Maelketh casts Maelstrom Rend (26.4♦)

═══════════ MATCH 8: Maelketh wins @ 3.6s ═══════════
final HP: Pyrrhax Basaltborn=0  Maelketh=67
Pyrrhax Basaltborn: dealt 59 dmg | casts {"Gravebloom Verdict":1,"Bulwark of the Molten Vein":1} | fizzles 0 | policy errors 0 | winded ×0
Maelketh: dealt 101 dmg | casts {"Tidefang Lance":1,"Kelpguard":1,"Maelstrom Rend":2} | fizzles 0 | policy errors 0 | winded ×0
--- feed ---
  ✦ Maelketh casts Tidefang Lance (13.1♦)
  ✦ Maelketh casts Kelpguard (18.5♦)
  ✦ Pyrrhax Basaltborn casts Gravebloom Verdict (39.1♦)
  ✦ Maelketh casts Maelstrom Rend (26.4♦)
  ✦ Pyrrhax Basaltborn casts Bulwark of the Molten Vein (19.6♦)
  ☠ Pyrrhax Basaltborn falls. Maelketh is victorious!
  ✦ Maelketh casts Maelstrom Rend (26.4♦)

═══════════ MATCH 9: Maelketh wins @ 3.8s ═══════════
final HP: Pyrrhax Basaltborn=0  Maelketh=68
Pyrrhax Basaltborn: dealt 59 dmg | casts {"Gravebloom Verdict":1,"Bulwark of the Molten Vein":1} | fizzles 0 | policy errors 0 | winded ×0
Maelketh: dealt 117 dmg | casts {"Tidefang Lance":1,"Kelpguard":1,"Maelstrom Rend":2} | fizzles 0 | policy errors 0 | winded ×0
--- feed ---
  ✦ Maelketh casts Tidefang Lance (13.1♦)
  ✦ Maelketh casts Kelpguard (18.5♦)
  ✦ Pyrrhax Basaltborn casts Gravebloom Verdict (39.1♦)
  ✦ Maelketh casts Maelstrom Rend (26.4♦)
  ✦ Pyrrhax Basaltborn casts Bulwark of the Molten Vein (19.6♦)
  ☠ Pyrrhax Basaltborn falls. Maelketh is victorious!
  ✦ Maelketh casts Maelstrom Rend (26.4♦)

★ RESULT over 9 matches: {"Pyrrhax Basaltborn":0,"Maelketh":9,"draw":0}
