
═══════════ MATCH 1: Maelketh wins @ 2.2s ═══════════
final HP: Pyrrhax Emberwrought=0  Maelketh=88
Pyrrhax Emberwrought: dealt 13 dmg | casts {"Cinder Lance":2,"Phoenix Feather":1,"Ember Step":1} | fizzles 0 | policy errors 0 | winded ×0
Maelketh: dealt 93 dmg | casts {"Tidefang Lance":2,"Undertow Step":1,"Maelstrom Rend":1} | fizzles 0 | policy errors 0 | winded ×0
--- feed ---
  ✦ Pyrrhax Emberwrought casts Cinder Lance (11.9♦)
  ✦ Maelketh casts Tidefang Lance (13.7♦)
  ✦ Pyrrhax Emberwrought casts Cinder Lance (11.9♦)
  ✦ Maelketh casts Undertow Step (9.2♦)
  ✦ Pyrrhax Emberwrought casts Phoenix Feather (7.3♦)
  ✦ Maelketh casts Tidefang Lance (13.7♦)
  ✦ Pyrrhax Emberwrought casts Ember Step (14.6♦)
  ☠ Pyrrhax Emberwrought falls. Maelketh is victorious!
  ✦ Maelketh casts Maelstrom Rend (34.6♦)

═══════════ MATCH 2: Maelketh wins @ 3s ═══════════
final HP: Pyrrhax Emberwrought=0  Maelketh=9
Pyrrhax Emberwrought: dealt 100 dmg | casts {"Cinder Lance":2,"Ember Step":1,"Sunflare Ruin":1} | fizzles 0 | policy errors 0 | winded ×0
Maelketh: dealt 126 dmg | casts {"Tidefang Lance":2,"Undertow Step":1,"Maelstrom Rend":2,"Kelpguard":1} | fizzles 0 | policy errors 0 | winded ×0
--- feed ---
  ✦ Pyrrhax Emberwrought casts Cinder Lance (11.9♦)
  ✦ Maelketh casts Tidefang Lance (13.7♦)
  ✦ Pyrrhax Emberwrought casts Cinder Lance (11.9♦)
  ✦ Maelketh casts Undertow Step (9.2♦)
  ✦ Maelketh casts Tidefang Lance (13.7♦)
  ✦ Pyrrhax Emberwrought casts Ember Step (14.6♦)
  ✦ Maelketh casts Maelstrom Rend (34.6♦)
  ✦ Pyrrhax Emberwrought casts Sunflare Ruin (38.5♦)
  ✦ Maelketh casts Kelpguard (14.1♦)
  ☠ Pyrrhax Emberwrought falls. Maelketh is victorious!
  ✦ Maelketh casts Maelstrom Rend (34.6♦)

═══════════ MATCH 3: Maelketh wins @ 2.2s ═══════════
final HP: Pyrrhax Emberwrought=0  Maelketh=88
Pyrrhax Emberwrought: dealt 13 dmg | casts {"Cinder Lance":2,"Phoenix Feather":1,"Ember Step":1} | fizzles 0 | policy errors 0 | winded ×0
Maelketh: dealt 93 dmg | casts {"Tidefang Lance":2,"Undertow Step":1,"Maelstrom Rend":1} | fizzles 0 | policy errors 0 | winded ×0
--- feed ---
  ✦ Pyrrhax Emberwrought casts Cinder Lance (11.9♦)
  ✦ Maelketh casts Tidefang Lance (13.7♦)
  ✦ Pyrrhax Emberwrought casts Cinder Lance (11.9♦)
  ✦ Maelketh casts Undertow Step (9.2♦)
  ✦ Pyrrhax Emberwrought casts Phoenix Feather (7.3♦)
  ✦ Maelketh casts Tidefang Lance (13.7♦)
  ✦ Pyrrhax Emberwrought casts Ember Step (14.6♦)
  ☠ Pyrrhax Emberwrought falls. Maelketh is victorious!
  ✦ Maelketh casts Maelstrom Rend (34.6♦)

═══════════ MATCH 4: Maelketh wins @ 3s ═══════════
final HP: Pyrrhax Emberwrought=0  Maelketh=34
Pyrrhax Emberwrought: dealt 74 dmg | casts {"Cinder Lance":2,"Phoenix Feather":1,"Sunflare Ruin":1} | fizzles 0 | policy errors 0 | winded ×0
Maelketh: dealt 144 dmg | casts {"Tidefang Lance":2,"Undertow Step":1,"Maelstrom Rend":2,"Kelpguard":1} | fizzles 0 | policy errors 0 | winded ×0
--- feed ---
  ✦ Maelketh casts Tidefang Lance (13.7♦)
  ✦ Pyrrhax Emberwrought casts Cinder Lance (11.9♦)
  ✦ Maelketh casts Undertow Step (9.2♦)
  ✦ Pyrrhax Emberwrought casts Cinder Lance (11.9♦)
  ✦ Maelketh casts Tidefang Lance (13.7♦)
  ✦ Pyrrhax Emberwrought casts Phoenix Feather (7.3♦)
  ✦ Maelketh casts Maelstrom Rend (34.6♦)
  ✦ Pyrrhax Emberwrought casts Sunflare Ruin (38.5♦)
  ✦ Maelketh casts Kelpguard (14.1♦)
  ☠ Pyrrhax Emberwrought falls. Maelketh is victorious!
  ✦ Maelketh casts Maelstrom Rend (34.6♦)

═══════════ MATCH 5: Maelketh wins @ 3.4s ═══════════
final HP: Pyrrhax Emberwrought=0  Maelketh=33
Pyrrhax Emberwrought: dealt 74 dmg | casts {"Cinder Lance":2,"Ember Step":1,"Sunflare Ruin":1} | fizzles 0 | policy errors 0 | winded ×0
Maelketh: dealt 123 dmg | casts {"Tidefang Lance":2,"Undertow Step":1,"Maelstrom Rend":2,"Kelpguard":1} | fizzles 0 | policy errors 0 | winded ×0
--- feed ---
  ✦ Maelketh casts Tidefang Lance (13.7♦)
  ✦ Pyrrhax Emberwrought casts Cinder Lance (11.9♦)
  ✦ Maelketh casts Undertow Step (9.2♦)
  ✦ Pyrrhax Emberwrought casts Cinder Lance (11.9♦)
  ✦ Maelketh casts Tidefang Lance (13.7♦)
  ✦ Pyrrhax Emberwrought casts Ember Step (14.6♦)
  ✦ Maelketh casts Maelstrom Rend (34.6♦)
  ✦ Pyrrhax Emberwrought casts Sunflare Ruin (38.5♦)
  ✦ Maelketh casts Kelpguard (14.1♦)
  ☠ Pyrrhax Emberwrought falls. Maelketh is victorious!
  ✦ Maelketh casts Maelstrom Rend (34.6♦)

═══════════ MATCH 6: Maelketh wins @ 3.2s ═══════════
final HP: Pyrrhax Emberwrought=0  Maelketh=9
Pyrrhax Emberwrought: dealt 100 dmg | casts {"Cinder Lance":2,"Ember Step":1,"Sunflare Ruin":1} | fizzles 0 | policy errors 0 | winded ×0
Maelketh: dealt 126 dmg | casts {"Tidefang Lance":2,"Undertow Step":1,"Maelstrom Rend":2,"Kelpguard":1} | fizzles 0 | policy errors 0 | winded ×0
--- feed ---
  ✦ Pyrrhax Emberwrought casts Cinder Lance (11.9♦)
  ✦ Maelketh casts Tidefang Lance (13.7♦)
  ✦ Pyrrhax Emberwrought casts Cinder Lance (11.9♦)
  ✦ Maelketh casts Undertow Step (9.2♦)
  ✦ Maelketh casts Tidefang Lance (13.7♦)
  ✦ Pyrrhax Emberwrought casts Ember Step (14.6♦)
  ✦ Maelketh casts Maelstrom Rend (34.6♦)
  ✦ Pyrrhax Emberwrought casts Sunflare Ruin (38.5♦)
  ✦ Maelketh casts Kelpguard (14.1♦)
  ☠ Pyrrhax Emberwrought falls. Maelketh is victorious!
  ✦ Maelketh casts Maelstrom Rend (34.6♦)

═══════════ MATCH 7: Maelketh wins @ 3.1s ═══════════
final HP: Pyrrhax Emberwrought=0  Maelketh=34
Pyrrhax Emberwrought: dealt 74 dmg | casts {"Cinder Lance":2,"Phoenix Feather":1,"Sunflare Ruin":1} | fizzles 0 | policy errors 0 | winded ×0
Maelketh: dealt 144 dmg | casts {"Tidefang Lance":2,"Undertow Step":1,"Maelstrom Rend":2,"Kelpguard":1} | fizzles 0 | policy errors 0 | winded ×0
--- feed ---
  ✦ Maelketh casts Tidefang Lance (13.7♦)
  ✦ Pyrrhax Emberwrought casts Cinder Lance (11.9♦)
  ✦ Maelketh casts Undertow Step (9.2♦)
  ✦ Pyrrhax Emberwrought casts Cinder Lance (11.9♦)
  ✦ Maelketh casts Tidefang Lance (13.7♦)
  ✦ Pyrrhax Emberwrought casts Phoenix Feather (7.3♦)
  ✦ Maelketh casts Maelstrom Rend (34.6♦)
  ✦ Pyrrhax Emberwrought casts Sunflare Ruin (38.5♦)
  ✦ Maelketh casts Kelpguard (14.1♦)
  ☠ Pyrrhax Emberwrought falls. Maelketh is victorious!
  ✦ Maelketh casts Maelstrom Rend (34.6♦)

═══════════ MATCH 8: Maelketh wins @ 2.1s ═══════════
final HP: Pyrrhax Emberwrought=0  Maelketh=100
Pyrrhax Emberwrought: dealt 0 dmg | casts {"Cinder Lance":2,"Phoenix Feather":1,"Ember Step":1} | fizzles 0 | policy errors 0 | winded ×0
Maelketh: dealt 95 dmg | casts {"Tidefang Lance":2,"Undertow Step":1,"Maelstrom Rend":1} | fizzles 0 | policy errors 0 | winded ×0
--- feed ---
  ✦ Pyrrhax Emberwrought casts Cinder Lance (11.9♦)
  ✦ Maelketh casts Tidefang Lance (13.7♦)
  ✦ Maelketh casts Undertow Step (9.2♦)
  ✦ Pyrrhax Emberwrought casts Cinder Lance (11.9♦)
  ✦ Maelketh casts Tidefang Lance (13.7♦)
  ✦ Pyrrhax Emberwrought casts Phoenix Feather (7.3♦)
  ✦ Pyrrhax Emberwrought casts Ember Step (14.6♦)
  ☠ Pyrrhax Emberwrought falls. Maelketh is victorious!
  ✦ Maelketh casts Maelstrom Rend (34.6♦)

═══════════ MATCH 9: Maelketh wins @ 2s ═══════════
final HP: Pyrrhax Emberwrought=0  Maelketh=88
Pyrrhax Emberwrought: dealt 13 dmg | casts {"Cinder Lance":2} | fizzles 0 | policy errors 0 | winded ×0
Maelketh: dealt 84 dmg | casts {"Tidefang Lance":2,"Undertow Step":1,"Maelstrom Rend":1} | fizzles 0 | policy errors 0 | winded ×0
--- feed ---
  ✦ Maelketh casts Tidefang Lance (13.7♦)
  ✦ Pyrrhax Emberwrought casts Cinder Lance (11.9♦)
  ✦ Maelketh casts Undertow Step (9.2♦)
  ✦ Pyrrhax Emberwrought casts Cinder Lance (11.9♦)
  ✦ Maelketh casts Tidefang Lance (13.7♦)
  ✦ Maelketh casts Maelstrom Rend (34.6♦)
  ☠ Pyrrhax Emberwrought falls. Maelketh is victorious!

★ RESULT over 9 matches: {"Pyrrhax Emberwrought":0,"Maelketh":9,"draw":0}
