
═══════════ MATCH 1: Maelketh wins @ 6.3s ═══════════
final HP: Pyrrhax Basaltborn=0  Maelketh=48
Pyrrhax Basaltborn: dealt 71 dmg | casts {"Cairnfield Snare":1,"Blightloam Tithe":2,"Gravebloom Verdict":1} | fizzles 0 | policy errors 0 | winded ×0
Maelketh: dealt 118 dmg | casts {"Tidefang Lance":3,"Maelstrom Rend":2} | fizzles 0 | policy errors 0 | winded ×0
--- feed ---
  ✦ Maelketh casts Tidefang Lance (13.1♦)
  ✦ Pyrrhax Basaltborn casts Cairnfield Snare (15.7♦)
  ✦ Pyrrhax Basaltborn casts Blightloam Tithe (15.9♦)
  ✦ Maelketh casts Tidefang Lance (13.1♦)
  ✦ Maelketh casts Tidefang Lance (13.1♦)
  ✦ Pyrrhax Basaltborn casts Blightloam Tithe (15.9♦)
  ✦ Maelketh casts Maelstrom Rend (30.7♦)
  ✦ Pyrrhax Basaltborn casts Gravebloom Verdict (26.5♦)
  ☠ Pyrrhax Basaltborn falls. Maelketh is victorious!
  ✦ Maelketh casts Maelstrom Rend (30.7♦)

═══════════ MATCH 2: Maelketh wins @ 6.1s ═══════════
final HP: Pyrrhax Basaltborn=0  Maelketh=47
Pyrrhax Basaltborn: dealt 71 dmg | casts {"Cairnfield Snare":1,"Blightloam Tithe":2,"Gravebloom Verdict":1} | fizzles 0 | policy errors 0 | winded ×0
Maelketh: dealt 117 dmg | casts {"Tidefang Lance":3,"Maelstrom Rend":2} | fizzles 0 | policy errors 0 | winded ×0
--- feed ---
  ✦ Pyrrhax Basaltborn casts Cairnfield Snare (15.7♦)
  ✦ Maelketh casts Tidefang Lance (13.1♦)
  ✦ Pyrrhax Basaltborn casts Blightloam Tithe (15.9♦)
  ✦ Maelketh casts Tidefang Lance (13.1♦)
  ✦ Maelketh casts Tidefang Lance (13.1♦)
  ✦ Pyrrhax Basaltborn casts Blightloam Tithe (15.9♦)
  ✦ Maelketh casts Maelstrom Rend (30.7♦)
  ✦ Pyrrhax Basaltborn casts Gravebloom Verdict (26.5♦)
  ☠ Pyrrhax Basaltborn falls. Maelketh is victorious!
  ✦ Maelketh casts Maelstrom Rend (30.7♦)

═══════════ MATCH 3: Maelketh wins @ 6.1s ═══════════
final HP: Pyrrhax Basaltborn=0  Maelketh=73
Pyrrhax Basaltborn: dealt 45 dmg | casts {"Cairnfield Snare":1,"Blightloam Tithe":2,"Gravebloom Verdict":1} | fizzles 0 | policy errors 0 | winded ×0
Maelketh: dealt 117 dmg | casts {"Tidefang Lance":3,"Maelstrom Rend":2} | fizzles 0 | policy errors 0 | winded ×0
--- feed ---
  ✦ Maelketh casts Tidefang Lance (13.1♦)
  ✦ Pyrrhax Basaltborn casts Cairnfield Snare (15.7♦)
  ✦ Pyrrhax Basaltborn casts Blightloam Tithe (15.9♦)
  ✦ Maelketh casts Tidefang Lance (13.1♦)
  ✦ Maelketh casts Tidefang Lance (13.1♦)
  ✦ Pyrrhax Basaltborn casts Blightloam Tithe (15.9♦)
  ✦ Maelketh casts Maelstrom Rend (30.7♦)
  ✦ Pyrrhax Basaltborn casts Gravebloom Verdict (26.5♦)
  ☠ Pyrrhax Basaltborn falls. Maelketh is victorious!
  ✦ Maelketh casts Maelstrom Rend (30.7♦)

═══════════ MATCH 4: Maelketh wins @ 6.1s ═══════════
final HP: Pyrrhax Basaltborn=0  Maelketh=20
Pyrrhax Basaltborn: dealt 96 dmg | casts {"Cairnfield Snare":1,"Blightloam Tithe":2,"Gravebloom Verdict":2} | fizzles 0 | policy errors 0 | winded ×0
Maelketh: dealt 126 dmg | casts {"Tidefang Lance":3,"Maelstrom Rend":2} | fizzles 0 | policy errors 0 | winded ×0
--- feed ---
  ✦ Pyrrhax Basaltborn casts Cairnfield Snare (15.7♦)
  ✦ Maelketh casts Tidefang Lance (13.1♦)
  ✦ Pyrrhax Basaltborn casts Blightloam Tithe (15.9♦)
  ✦ Maelketh casts Tidefang Lance (13.1♦)
  ✦ Maelketh casts Tidefang Lance (13.1♦)
  ✦ Pyrrhax Basaltborn casts Blightloam Tithe (15.9♦)
  ✦ Maelketh casts Maelstrom Rend (30.7♦)
  ✦ Pyrrhax Basaltborn casts Gravebloom Verdict (26.5♦)
  ✦ Pyrrhax Basaltborn casts Gravebloom Verdict (26.5♦)
  ☠ Pyrrhax Basaltborn falls. Maelketh is victorious!
  ✦ Maelketh casts Maelstrom Rend (30.7♦)

═══════════ MATCH 5: Maelketh wins @ 6.1s ═══════════
final HP: Pyrrhax Basaltborn=0  Maelketh=47
Pyrrhax Basaltborn: dealt 71 dmg | casts {"Cairnfield Snare":1,"Blightloam Tithe":2,"Gravebloom Verdict":1} | fizzles 0 | policy errors 0 | winded ×0
Maelketh: dealt 117 dmg | casts {"Tidefang Lance":3,"Maelstrom Rend":2} | fizzles 0 | policy errors 0 | winded ×0
--- feed ---
  ✦ Pyrrhax Basaltborn casts Cairnfield Snare (15.7♦)
  ✦ Maelketh casts Tidefang Lance (13.1♦)
  ✦ Pyrrhax Basaltborn casts Blightloam Tithe (15.9♦)
  ✦ Maelketh casts Tidefang Lance (13.1♦)
  ✦ Maelketh casts Tidefang Lance (13.1♦)
  ✦ Pyrrhax Basaltborn casts Blightloam Tithe (15.9♦)
  ✦ Maelketh casts Maelstrom Rend (30.7♦)
  ✦ Pyrrhax Basaltborn casts Gravebloom Verdict (26.5♦)
  ☠ Pyrrhax Basaltborn falls. Maelketh is victorious!
  ✦ Maelketh casts Maelstrom Rend (30.7♦)

═══════════ MATCH 6: Maelketh wins @ 6.2s ═══════════
final HP: Pyrrhax Basaltborn=0  Maelketh=73
Pyrrhax Basaltborn: dealt 45 dmg | casts {"Cairnfield Snare":1,"Blightloam Tithe":2,"Gravebloom Verdict":1} | fizzles 0 | policy errors 0 | winded ×0
Maelketh: dealt 117 dmg | casts {"Tidefang Lance":3,"Maelstrom Rend":2} | fizzles 0 | policy errors 0 | winded ×0
--- feed ---
  ✦ Pyrrhax Basaltborn casts Cairnfield Snare (15.7♦)
  ✦ Maelketh casts Tidefang Lance (13.1♦)
  ✦ Pyrrhax Basaltborn casts Blightloam Tithe (15.9♦)
  ✦ Maelketh casts Tidefang Lance (13.1♦)
  ✦ Maelketh casts Tidefang Lance (13.1♦)
  ✦ Pyrrhax Basaltborn casts Blightloam Tithe (15.9♦)
  ✦ Maelketh casts Maelstrom Rend (30.7♦)
  ✦ Pyrrhax Basaltborn casts Gravebloom Verdict (26.5♦)
  ☠ Pyrrhax Basaltborn falls. Maelketh is victorious!
  ✦ Maelketh casts Maelstrom Rend (30.7♦)

═══════════ MATCH 7: Maelketh wins @ 6.1s ═══════════
final HP: Pyrrhax Basaltborn=0  Maelketh=47
Pyrrhax Basaltborn: dealt 71 dmg | casts {"Cairnfield Snare":1,"Blightloam Tithe":2,"Gravebloom Verdict":1} | fizzles 0 | policy errors 0 | winded ×0
Maelketh: dealt 117 dmg | casts {"Tidefang Lance":3,"Maelstrom Rend":2} | fizzles 0 | policy errors 0 | winded ×0
--- feed ---
  ✦ Maelketh casts Tidefang Lance (13.1♦)
  ✦ Pyrrhax Basaltborn casts Cairnfield Snare (15.7♦)
  ✦ Pyrrhax Basaltborn casts Blightloam Tithe (15.9♦)
  ✦ Maelketh casts Tidefang Lance (13.1♦)
  ✦ Maelketh casts Tidefang Lance (13.1♦)
  ✦ Pyrrhax Basaltborn casts Blightloam Tithe (15.9♦)
  ✦ Maelketh casts Maelstrom Rend (30.7♦)
  ✦ Pyrrhax Basaltborn casts Gravebloom Verdict (26.5♦)
  ☠ Pyrrhax Basaltborn falls. Maelketh is victorious!
  ✦ Maelketh casts Maelstrom Rend (30.7♦)

═══════════ MATCH 8: Maelketh wins @ 6.2s ═══════════
final HP: Pyrrhax Basaltborn=0  Maelketh=73
Pyrrhax Basaltborn: dealt 45 dmg | casts {"Cairnfield Snare":1,"Blightloam Tithe":2,"Gravebloom Verdict":1} | fizzles 0 | policy errors 0 | winded ×0
Maelketh: dealt 117 dmg | casts {"Tidefang Lance":3,"Maelstrom Rend":2} | fizzles 0 | policy errors 0 | winded ×0
--- feed ---
  ✦ Pyrrhax Basaltborn casts Cairnfield Snare (15.7♦)
  ✦ Maelketh casts Tidefang Lance (13.1♦)
  ✦ Pyrrhax Basaltborn casts Blightloam Tithe (15.9♦)
  ✦ Maelketh casts Tidefang Lance (13.1♦)
  ✦ Maelketh casts Tidefang Lance (13.1♦)
  ✦ Pyrrhax Basaltborn casts Blightloam Tithe (15.9♦)
  ✦ Maelketh casts Maelstrom Rend (30.7♦)
  ✦ Pyrrhax Basaltborn casts Gravebloom Verdict (26.5♦)
  ☠ Pyrrhax Basaltborn falls. Maelketh is victorious!
  ✦ Maelketh casts Maelstrom Rend (30.7♦)

═══════════ MATCH 9: Maelketh wins @ 6.3s ═══════════
final HP: Pyrrhax Basaltborn=0  Maelketh=46
Pyrrhax Basaltborn: dealt 71 dmg | casts {"Cairnfield Snare":1,"Blightloam Tithe":2,"Gravebloom Verdict":1} | fizzles 0 | policy errors 0 | winded ×0
Maelketh: dealt 119 dmg | casts {"Tidefang Lance":3,"Maelstrom Rend":2} | fizzles 0 | policy errors 0 | winded ×0
--- feed ---
  ✦ Maelketh casts Tidefang Lance (13.1♦)
  ✦ Pyrrhax Basaltborn casts Cairnfield Snare (15.7♦)
  ✦ Pyrrhax Basaltborn casts Blightloam Tithe (15.9♦)
  ✦ Maelketh casts Tidefang Lance (13.1♦)
  ✦ Maelketh casts Tidefang Lance (13.1♦)
  ✦ Pyrrhax Basaltborn casts Blightloam Tithe (15.9♦)
  ✦ Maelketh casts Maelstrom Rend (30.7♦)
  ✦ Pyrrhax Basaltborn casts Gravebloom Verdict (26.5♦)
  ☠ Pyrrhax Basaltborn falls. Maelketh is victorious!
  ✦ Maelketh casts Maelstrom Rend (30.7♦)

★ RESULT over 9 matches: {"Pyrrhax Basaltborn":0,"Maelketh":9,"draw":0}
