
═══════════ MATCH 1: Maelketh wins @ 4.6s ═══════════
final HP: Pyrrhax Basaltborn=0  Maelketh=70
Pyrrhax Basaltborn: dealt 42 dmg | casts {"Blightloam Tithe":2,"Quakeshard":1,"Bulwark of the Molten Vein":1} | fizzles 0 | policy errors 0 | winded ×0
Maelketh: dealt 131 dmg | casts {"Tidefang Lance":1,"Kelpguard":1,"Maelstrom Rend":2} | fizzles 0 | policy errors 0 | winded ×0
--- feed ---
  ✦ Pyrrhax Basaltborn casts Blightloam Tithe (15.9♦)
  ✦ Maelketh casts Tidefang Lance (13.1♦)
  ✦ Pyrrhax Basaltborn casts Quakeshard (9.3♦)
  ✦ Maelketh casts Kelpguard (14.1♦)
  ✦ Pyrrhax Basaltborn casts Blightloam Tithe (15.9♦)
  ✦ Maelketh casts Maelstrom Rend (30.8♦)
  ✦ Pyrrhax Basaltborn casts Bulwark of the Molten Vein (19.6♦)
  ☠ Pyrrhax Basaltborn falls. Maelketh is victorious!
  ✦ Maelketh casts Maelstrom Rend (30.8♦)

═══════════ MATCH 2: Maelketh wins @ 8.8s ═══════════
final HP: Pyrrhax Basaltborn=0  Maelketh=47
Pyrrhax Basaltborn: dealt 97 dmg | casts {"Blightloam Tithe":2,"Quakeshard":1,"Bulwark of the Molten Vein":2,"Gravebloom Verdict":1} | fizzles 0 | policy errors 0 | winded ×0
Maelketh: dealt 133 dmg | casts {"Tidefang Lance":1,"Kelpguard":1,"Maelstrom Rend":3} | fizzles 0 | policy errors 0 | winded ×0
--- feed ---
  ✦ Pyrrhax Basaltborn casts Blightloam Tithe (15.9♦)
  ✦ Maelketh casts Tidefang Lance (13.1♦)
  ✦ Pyrrhax Basaltborn casts Quakeshard (9.3♦)
  ✦ Maelketh casts Kelpguard (14.1♦)
  ✦ Pyrrhax Basaltborn casts Blightloam Tithe (15.9♦)
  ✦ Maelketh casts Maelstrom Rend (30.8♦)
  ✦ Pyrrhax Basaltborn casts Bulwark of the Molten Vein (19.6♦)
  ✦ Maelketh casts Maelstrom Rend (30.8♦)
  ✦ Pyrrhax Basaltborn casts Bulwark of the Molten Vein (19.6♦)
  ✦ Pyrrhax Basaltborn casts Gravebloom Verdict (39.1♦)
  ☠ Pyrrhax Basaltborn falls. Maelketh is victorious!
  ✦ Maelketh casts Maelstrom Rend (30.8♦)

═══════════ MATCH 3: Maelketh wins @ 8.8s ═══════════
final HP: Pyrrhax Basaltborn=0  Maelketh=68
Pyrrhax Basaltborn: dealt 83 dmg | casts {"Blightloam Tithe":1,"Quakeshard":1,"Gravebloom Verdict":1,"Bulwark of the Molten Vein":1} | fizzles 0 | policy errors 0 | winded ×0
Maelketh: dealt 113 dmg | casts {"Tidefang Lance":1,"Kelpguard":1,"Maelstrom Rend":3} | fizzles 0 | policy errors 0 | winded ×0
--- feed ---
  ✦ Maelketh casts Tidefang Lance (13.1♦)
  ✦ Pyrrhax Basaltborn casts Blightloam Tithe (15.9♦)
  ✦ Pyrrhax Basaltborn casts Quakeshard (9.3♦)
  ✦ Maelketh casts Kelpguard (14.1♦)
  ✦ Pyrrhax Basaltborn casts Gravebloom Verdict (39.1♦)
  ✦ Maelketh casts Maelstrom Rend (30.8♦)
  ✦ Maelketh casts Maelstrom Rend (30.8♦)
  ✦ Pyrrhax Basaltborn casts Bulwark of the Molten Vein (19.6♦)
  ☠ Pyrrhax Basaltborn falls. Maelketh is victorious!
  ✦ Maelketh casts Maelstrom Rend (30.8♦)

═══════════ MATCH 4: Maelketh wins @ 8.7s ═══════════
final HP: Pyrrhax Basaltborn=0  Maelketh=47
Pyrrhax Basaltborn: dealt 97 dmg | casts {"Blightloam Tithe":2,"Quakeshard":1,"Bulwark of the Molten Vein":2,"Gravebloom Verdict":1} | fizzles 0 | policy errors 0 | winded ×0
Maelketh: dealt 133 dmg | casts {"Tidefang Lance":1,"Kelpguard":1,"Maelstrom Rend":3} | fizzles 0 | policy errors 0 | winded ×0
--- feed ---
  ✦ Pyrrhax Basaltborn casts Blightloam Tithe (15.9♦)
  ✦ Maelketh casts Tidefang Lance (13.1♦)
  ✦ Pyrrhax Basaltborn casts Quakeshard (9.3♦)
  ✦ Maelketh casts Kelpguard (14.1♦)
  ✦ Pyrrhax Basaltborn casts Blightloam Tithe (15.9♦)
  ✦ Maelketh casts Maelstrom Rend (30.8♦)
  ✦ Pyrrhax Basaltborn casts Bulwark of the Molten Vein (19.6♦)
  ✦ Maelketh casts Maelstrom Rend (30.8♦)
  ✦ Pyrrhax Basaltborn casts Bulwark of the Molten Vein (19.6♦)
  ✦ Pyrrhax Basaltborn casts Gravebloom Verdict (39.1♦)
  ☠ Pyrrhax Basaltborn falls. Maelketh is victorious!
  ✦ Maelketh casts Maelstrom Rend (30.8♦)

═══════════ MATCH 5: Maelketh wins @ 8.8s ═══════════
final HP: Pyrrhax Basaltborn=0  Maelketh=52
Pyrrhax Basaltborn: dealt 99 dmg | casts {"Blightloam Tithe":1,"Quakeshard":1,"Gravebloom Verdict":1,"Bulwark of the Molten Vein":1} | fizzles 0 | policy errors 0 | winded ×0
Maelketh: dealt 112 dmg | casts {"Tidefang Lance":1,"Kelpguard":1,"Maelstrom Rend":3} | fizzles 0 | policy errors 0 | winded ×0
--- feed ---
  ✦ Maelketh casts Tidefang Lance (13.1♦)
  ✦ Pyrrhax Basaltborn casts Blightloam Tithe (15.9♦)
  ✦ Pyrrhax Basaltborn casts Quakeshard (9.3♦)
  ✦ Maelketh casts Kelpguard (14.1♦)
  ✦ Pyrrhax Basaltborn casts Gravebloom Verdict (39.1♦)
  ✦ Maelketh casts Maelstrom Rend (30.8♦)
  ✦ Maelketh casts Maelstrom Rend (30.8♦)
  ✦ Pyrrhax Basaltborn casts Bulwark of the Molten Vein (19.6♦)
  ☠ Pyrrhax Basaltborn falls. Maelketh is victorious!
  ✦ Maelketh casts Maelstrom Rend (30.8♦)

═══════════ MATCH 6: Maelketh wins @ 8.7s ═══════════
final HP: Pyrrhax Basaltborn=0  Maelketh=46
Pyrrhax Basaltborn: dealt 97 dmg | casts {"Blightloam Tithe":2,"Quakeshard":1,"Bulwark of the Molten Vein":2,"Gravebloom Verdict":1} | fizzles 0 | policy errors 0 | winded ×0
Maelketh: dealt 133 dmg | casts {"Tidefang Lance":1,"Kelpguard":1,"Maelstrom Rend":3} | fizzles 0 | policy errors 0 | winded ×0
--- feed ---
  ✦ Pyrrhax Basaltborn casts Blightloam Tithe (15.9♦)
  ✦ Maelketh casts Tidefang Lance (13.1♦)
  ✦ Pyrrhax Basaltborn casts Quakeshard (9.3♦)
  ✦ Maelketh casts Kelpguard (14.1♦)
  ✦ Pyrrhax Basaltborn casts Blightloam Tithe (15.9♦)
  ✦ Maelketh casts Maelstrom Rend (30.8♦)
  ✦ Pyrrhax Basaltborn casts Bulwark of the Molten Vein (19.6♦)
  ✦ Maelketh casts Maelstrom Rend (30.8♦)
  ✦ Pyrrhax Basaltborn casts Bulwark of the Molten Vein (19.6♦)
  ✦ Pyrrhax Basaltborn casts Gravebloom Verdict (39.1♦)
  ☠ Pyrrhax Basaltborn falls. Maelketh is victorious!
  ✦ Maelketh casts Maelstrom Rend (30.8♦)

═══════════ MATCH 7: Maelketh wins @ 13.1s ═══════════
final HP: Pyrrhax Basaltborn=0  Maelketh=52
Pyrrhax Basaltborn: dealt 97 dmg | casts {"Blightloam Tithe":2,"Quakeshard":1,"Bulwark of the Molten Vein":3,"Gravebloom Verdict":1} | fizzles 0 | policy errors 0 | winded ×0
Maelketh: dealt 127 dmg | casts {"Tidefang Lance":1,"Kelpguard":1,"Maelstrom Rend":4} | fizzles 0 | policy errors 0 | winded ×0
--- feed ---
  ✦ Maelketh casts Tidefang Lance (13.1♦)
  ✦ Pyrrhax Basaltborn casts Blightloam Tithe (15.9♦)
  ✦ Pyrrhax Basaltborn casts Quakeshard (9.3♦)
  ✦ Maelketh casts Kelpguard (14.1♦)
  ✦ Pyrrhax Basaltborn casts Blightloam Tithe (15.9♦)
  ✦ Maelketh casts Maelstrom Rend (30.8♦)
  ✦ Pyrrhax Basaltborn casts Bulwark of the Molten Vein (19.6♦)
  ✦ Maelketh casts Maelstrom Rend (30.8♦)
  ✦ Pyrrhax Basaltborn casts Bulwark of the Molten Vein (19.6♦)
  ✦ Maelketh casts Maelstrom Rend (30.8♦)
  ✦ Pyrrhax Basaltborn casts Bulwark of the Molten Vein (19.6♦)
  ✦ Pyrrhax Basaltborn casts Gravebloom Verdict (39.1♦)
  ☠ Pyrrhax Basaltborn falls. Maelketh is victorious!
  ✦ Maelketh casts Maelstrom Rend (30.8♦)

═══════════ MATCH 8: Maelketh wins @ 13.2s ═══════════
final HP: Pyrrhax Basaltborn=0  Maelketh=20
Pyrrhax Basaltborn: dealt 139 dmg | casts {"Blightloam Tithe":1,"Quakeshard":1,"Gravebloom Verdict":2,"Bulwark of the Molten Vein":2} | fizzles 0 | policy errors 0 | winded ×0
Maelketh: dealt 138 dmg | casts {"Tidefang Lance":1,"Kelpguard":1,"Maelstrom Rend":4} | fizzles 0 | policy errors 0 | winded ×0
--- feed ---
  ✦ Pyrrhax Basaltborn casts Blightloam Tithe (15.9♦)
  ✦ Maelketh casts Tidefang Lance (13.1♦)
  ✦ Pyrrhax Basaltborn casts Quakeshard (9.3♦)
  ✦ Maelketh casts Kelpguard (14.1♦)
  ✦ Pyrrhax Basaltborn casts Gravebloom Verdict (39.1♦)
  ✦ Maelketh casts Maelstrom Rend (30.8♦)
  ✦ Maelketh casts Maelstrom Rend (30.8♦)
  ✦ Pyrrhax Basaltborn casts Bulwark of the Molten Vein (19.6♦)
  ✦ Maelketh casts Maelstrom Rend (30.8♦)
  ✦ Pyrrhax Basaltborn casts Bulwark of the Molten Vein (19.6♦)
  ✦ Pyrrhax Basaltborn casts Gravebloom Verdict (39.1♦)
  ☠ Pyrrhax Basaltborn falls. Maelketh is victorious!
  ✦ Maelketh casts Maelstrom Rend (30.8♦)

═══════════ MATCH 9: Maelketh wins @ 8.5s ═══════════
final HP: Pyrrhax Basaltborn=0  Maelketh=68
Pyrrhax Basaltborn: dealt 83 dmg | casts {"Blightloam Tithe":1,"Quakeshard":1,"Gravebloom Verdict":1,"Bulwark of the Molten Vein":1} | fizzles 0 | policy errors 0 | winded ×0
Maelketh: dealt 113 dmg | casts {"Tidefang Lance":1,"Kelpguard":1,"Maelstrom Rend":3} | fizzles 0 | policy errors 0 | winded ×0
--- feed ---
  ✦ Maelketh casts Tidefang Lance (13.1♦)
  ✦ Pyrrhax Basaltborn casts Blightloam Tithe (15.9♦)
  ✦ Pyrrhax Basaltborn casts Quakeshard (9.3♦)
  ✦ Maelketh casts Kelpguard (14.1♦)
  ✦ Pyrrhax Basaltborn casts Gravebloom Verdict (39.1♦)
  ✦ Maelketh casts Maelstrom Rend (30.8♦)
  ✦ Maelketh casts Maelstrom Rend (30.8♦)
  ✦ Pyrrhax Basaltborn casts Bulwark of the Molten Vein (19.6♦)
  ☠ Pyrrhax Basaltborn falls. Maelketh is victorious!
  ✦ Maelketh casts Maelstrom Rend (30.8♦)

★ RESULT over 9 matches: {"Pyrrhax Basaltborn":0,"Maelketh":9,"draw":0}
