
═══════════ MATCH 1: Maelketh wins @ 9.6s ═══════════
final HP: Pyrrhax Basaltborn=0  Maelketh=69
Pyrrhax Basaltborn: dealt 72 dmg | casts {"Cairnfield Snare":2,"Blightloam Tithe":3,"Bulwark of the Molten Vein":2} | fizzles 0 | policy errors 0 | winded ×0
Maelketh: dealt 145 dmg | casts {"Brinerot Hex":3,"Kelpguard":2,"Maelstrom Rend":1} | fizzles 0 | policy errors 0 | winded ×0
--- feed ---
  ✦ Pyrrhax Basaltborn casts Cairnfield Snare (15.3♦)
  ✦ Pyrrhax Basaltborn casts Blightloam Tithe (15.9♦)
  ✦ Pyrrhax Basaltborn casts Cairnfield Snare (15.3♦)
  ✦ Maelketh casts Brinerot Hex (19.7♦)
  ✦ Pyrrhax Basaltborn casts Blightloam Tithe (15.9♦)
  ✦ Maelketh casts Brinerot Hex (19.7♦)
  ✦ Pyrrhax Basaltborn casts Blightloam Tithe (15.9♦)
  ✦ Maelketh casts Brinerot Hex (19.7♦)
  ✦ Pyrrhax Basaltborn casts Bulwark of the Molten Vein (19.3♦)
  ✦ Maelketh casts Kelpguard (18.5♦)
  ✦ Pyrrhax Basaltborn casts Bulwark of the Molten Vein (19.3♦)
  ✦ Maelketh casts Kelpguard (18.5♦)
  ☠ Pyrrhax Basaltborn falls. Maelketh is victorious!
  ✦ Maelketh casts Maelstrom Rend (27♦)

═══════════ MATCH 2: Maelketh wins @ 9.2s ═══════════
final HP: Pyrrhax Basaltborn=0  Maelketh=51
Pyrrhax Basaltborn: dealt 72 dmg | casts {"Cairnfield Snare":2,"Blightloam Tithe":3,"Bulwark of the Molten Vein":2} | fizzles 0 | policy errors 0 | winded ×0
Maelketh: dealt 175 dmg | casts {"Brinerot Hex":3,"Kelpguard":1,"Maelstrom Rend":1} | fizzles 0 | policy errors 0 | winded ×0
--- feed ---
  ✦ Pyrrhax Basaltborn casts Cairnfield Snare (15.3♦)
  ✦ Pyrrhax Basaltborn casts Blightloam Tithe (15.9♦)
  ✦ Pyrrhax Basaltborn casts Cairnfield Snare (15.3♦)
  ✦ Maelketh casts Brinerot Hex (19.7♦)
  ✦ Pyrrhax Basaltborn casts Blightloam Tithe (15.9♦)
  ✦ Maelketh casts Brinerot Hex (19.7♦)
  ✦ Pyrrhax Basaltborn casts Blightloam Tithe (15.9♦)
  ✦ Maelketh casts Brinerot Hex (19.7♦)
  ✦ Pyrrhax Basaltborn casts Bulwark of the Molten Vein (19.3♦)
  ✦ Maelketh casts Kelpguard (18.5♦)
  ✦ Pyrrhax Basaltborn casts Bulwark of the Molten Vein (19.3♦)
  ☠ Pyrrhax Basaltborn falls. Maelketh is victorious!
  ✦ Maelketh casts Maelstrom Rend (27♦)

═══════════ MATCH 3: Maelketh wins @ 9.7s ═══════════
final HP: Pyrrhax Basaltborn=0  Maelketh=69
Pyrrhax Basaltborn: dealt 72 dmg | casts {"Cairnfield Snare":2,"Blightloam Tithe":3,"Bulwark of the Molten Vein":2} | fizzles 0 | policy errors 0 | winded ×0
Maelketh: dealt 144 dmg | casts {"Brinerot Hex":3,"Kelpguard":2,"Maelstrom Rend":1} | fizzles 0 | policy errors 0 | winded ×0
--- feed ---
  ✦ Pyrrhax Basaltborn casts Cairnfield Snare (15.3♦)
  ✦ Pyrrhax Basaltborn casts Blightloam Tithe (15.9♦)
  ✦ Pyrrhax Basaltborn casts Cairnfield Snare (15.3♦)
  ✦ Maelketh casts Brinerot Hex (19.7♦)
  ✦ Pyrrhax Basaltborn casts Blightloam Tithe (15.9♦)
  ✦ Maelketh casts Brinerot Hex (19.7♦)
  ✦ Pyrrhax Basaltborn casts Blightloam Tithe (15.9♦)
  ✦ Maelketh casts Brinerot Hex (19.7♦)
  ✦ Pyrrhax Basaltborn casts Bulwark of the Molten Vein (19.3♦)
  ✦ Maelketh casts Kelpguard (18.5♦)
  ✦ Pyrrhax Basaltborn casts Bulwark of the Molten Vein (19.3♦)
  ✦ Maelketh casts Kelpguard (18.5♦)
  ☠ Pyrrhax Basaltborn falls. Maelketh is victorious!
  ✦ Maelketh casts Maelstrom Rend (27♦)

═══════════ MATCH 4: Maelketh wins @ 9.1s ═══════════
final HP: Pyrrhax Basaltborn=0  Maelketh=51
Pyrrhax Basaltborn: dealt 72 dmg | casts {"Cairnfield Snare":2,"Blightloam Tithe":3,"Bulwark of the Molten Vein":2} | fizzles 0 | policy errors 0 | winded ×0
Maelketh: dealt 176 dmg | casts {"Brinerot Hex":3,"Kelpguard":1,"Maelstrom Rend":1} | fizzles 0 | policy errors 0 | winded ×0
--- feed ---
  ✦ Pyrrhax Basaltborn casts Cairnfield Snare (15.3♦)
  ✦ Pyrrhax Basaltborn casts Blightloam Tithe (15.9♦)
  ✦ Pyrrhax Basaltborn casts Cairnfield Snare (15.3♦)
  ✦ Maelketh casts Brinerot Hex (19.7♦)
  ✦ Pyrrhax Basaltborn casts Blightloam Tithe (15.9♦)
  ✦ Maelketh casts Brinerot Hex (19.7♦)
  ✦ Pyrrhax Basaltborn casts Blightloam Tithe (15.9♦)
  ✦ Maelketh casts Brinerot Hex (19.7♦)
  ✦ Pyrrhax Basaltborn casts Bulwark of the Molten Vein (19.3♦)
  ✦ Maelketh casts Kelpguard (18.5♦)
  ✦ Pyrrhax Basaltborn casts Bulwark of the Molten Vein (19.3♦)
  ☠ Pyrrhax Basaltborn falls. Maelketh is victorious!
  ✦ Maelketh casts Maelstrom Rend (27♦)

═══════════ MATCH 5: Maelketh wins @ 9.6s ═══════════
final HP: Pyrrhax Basaltborn=0  Maelketh=69
Pyrrhax Basaltborn: dealt 72 dmg | casts {"Cairnfield Snare":2,"Blightloam Tithe":3,"Bulwark of the Molten Vein":2} | fizzles 0 | policy errors 0 | winded ×0
Maelketh: dealt 145 dmg | casts {"Brinerot Hex":3,"Kelpguard":2,"Maelstrom Rend":1} | fizzles 0 | policy errors 0 | winded ×0
--- feed ---
  ✦ Pyrrhax Basaltborn casts Cairnfield Snare (15.3♦)
  ✦ Pyrrhax Basaltborn casts Blightloam Tithe (15.9♦)
  ✦ Pyrrhax Basaltborn casts Cairnfield Snare (15.3♦)
  ✦ Maelketh casts Brinerot Hex (19.7♦)
  ✦ Pyrrhax Basaltborn casts Blightloam Tithe (15.9♦)
  ✦ Maelketh casts Brinerot Hex (19.7♦)
  ✦ Pyrrhax Basaltborn casts Blightloam Tithe (15.9♦)
  ✦ Maelketh casts Brinerot Hex (19.7♦)
  ✦ Pyrrhax Basaltborn casts Bulwark of the Molten Vein (19.3♦)
  ✦ Maelketh casts Kelpguard (18.5♦)
  ✦ Pyrrhax Basaltborn casts Bulwark of the Molten Vein (19.3♦)
  ✦ Maelketh casts Kelpguard (18.5♦)
  ☠ Pyrrhax Basaltborn falls. Maelketh is victorious!
  ✦ Maelketh casts Maelstrom Rend (27♦)

═══════════ MATCH 6: Maelketh wins @ 9.2s ═══════════
final HP: Pyrrhax Basaltborn=0  Maelketh=51
Pyrrhax Basaltborn: dealt 72 dmg | casts {"Cairnfield Snare":2,"Blightloam Tithe":3,"Bulwark of the Molten Vein":2} | fizzles 0 | policy errors 0 | winded ×0
Maelketh: dealt 176 dmg | casts {"Brinerot Hex":3,"Kelpguard":1,"Maelstrom Rend":1} | fizzles 0 | policy errors 0 | winded ×0
--- feed ---
  ✦ Pyrrhax Basaltborn casts Cairnfield Snare (15.3♦)
  ✦ Pyrrhax Basaltborn casts Blightloam Tithe (15.9♦)
  ✦ Pyrrhax Basaltborn casts Cairnfield Snare (15.3♦)
  ✦ Maelketh casts Brinerot Hex (19.7♦)
  ✦ Pyrrhax Basaltborn casts Blightloam Tithe (15.9♦)
  ✦ Maelketh casts Brinerot Hex (19.7♦)
  ✦ Pyrrhax Basaltborn casts Blightloam Tithe (15.9♦)
  ✦ Maelketh casts Brinerot Hex (19.7♦)
  ✦ Pyrrhax Basaltborn casts Bulwark of the Molten Vein (19.3♦)
  ✦ Maelketh casts Kelpguard (18.5♦)
  ✦ Pyrrhax Basaltborn casts Bulwark of the Molten Vein (19.3♦)
  ☠ Pyrrhax Basaltborn falls. Maelketh is victorious!
  ✦ Maelketh casts Maelstrom Rend (27♦)

═══════════ MATCH 7: Maelketh wins @ 9.2s ═══════════
final HP: Pyrrhax Basaltborn=0  Maelketh=66
Pyrrhax Basaltborn: dealt 72 dmg | casts {"Cairnfield Snare":2,"Blightloam Tithe":3,"Bulwark of the Molten Vein":1} | fizzles 0 | policy errors 0 | winded ×0
Maelketh: dealt 149 dmg | casts {"Brinerot Hex":3,"Kelpguard":1,"Maelstrom Rend":1} | fizzles 0 | policy errors 0 | winded ×0
--- feed ---
  ✦ Pyrrhax Basaltborn casts Cairnfield Snare (15.3♦)
  ✦ Pyrrhax Basaltborn casts Blightloam Tithe (15.9♦)
  ✦ Pyrrhax Basaltborn casts Cairnfield Snare (15.3♦)
  ✦ Maelketh casts Brinerot Hex (19.7♦)
  ✦ Pyrrhax Basaltborn casts Blightloam Tithe (15.9♦)
  ✦ Maelketh casts Brinerot Hex (19.7♦)
  ✦ Pyrrhax Basaltborn casts Blightloam Tithe (15.9♦)
  ✦ Maelketh casts Brinerot Hex (19.7♦)
  ✦ Pyrrhax Basaltborn casts Bulwark of the Molten Vein (19.3♦)
  ✦ Maelketh casts Kelpguard (18.5♦)
  ☠ Pyrrhax Basaltborn falls. Maelketh is victorious!
  ✦ Maelketh casts Maelstrom Rend (27♦)

═══════════ MATCH 8: Maelketh wins @ 9.5s ═══════════
final HP: Pyrrhax Basaltborn=0  Maelketh=69
Pyrrhax Basaltborn: dealt 72 dmg | casts {"Cairnfield Snare":2,"Blightloam Tithe":3,"Bulwark of the Molten Vein":2} | fizzles 0 | policy errors 0 | winded ×0
Maelketh: dealt 145 dmg | casts {"Brinerot Hex":3,"Kelpguard":2,"Maelstrom Rend":1} | fizzles 0 | policy errors 0 | winded ×0
--- feed ---
  ✦ Pyrrhax Basaltborn casts Cairnfield Snare (15.3♦)
  ✦ Pyrrhax Basaltborn casts Blightloam Tithe (15.9♦)
  ✦ Pyrrhax Basaltborn casts Cairnfield Snare (15.3♦)
  ✦ Maelketh casts Brinerot Hex (19.7♦)
  ✦ Pyrrhax Basaltborn casts Blightloam Tithe (15.9♦)
  ✦ Maelketh casts Brinerot Hex (19.7♦)
  ✦ Pyrrhax Basaltborn casts Blightloam Tithe (15.9♦)
  ✦ Maelketh casts Brinerot Hex (19.7♦)
  ✦ Pyrrhax Basaltborn casts Bulwark of the Molten Vein (19.3♦)
  ✦ Maelketh casts Kelpguard (18.5♦)
  ✦ Pyrrhax Basaltborn casts Bulwark of the Molten Vein (19.3♦)
  ✦ Maelketh casts Kelpguard (18.5♦)
  ☠ Pyrrhax Basaltborn falls. Maelketh is victorious!
  ✦ Maelketh casts Maelstrom Rend (27♦)

═══════════ MATCH 9: Maelketh wins @ 9.2s ═══════════
final HP: Pyrrhax Basaltborn=0  Maelketh=65
Pyrrhax Basaltborn: dealt 72 dmg | casts {"Cairnfield Snare":2,"Blightloam Tithe":3,"Bulwark of the Molten Vein":2} | fizzles 0 | policy errors 0 | winded ×0
Maelketh: dealt 144 dmg | casts {"Brinerot Hex":3,"Kelpguard":1,"Maelstrom Rend":1} | fizzles 0 | policy errors 0 | winded ×0
--- feed ---
  ✦ Pyrrhax Basaltborn casts Cairnfield Snare (15.3♦)
  ✦ Pyrrhax Basaltborn casts Blightloam Tithe (15.9♦)
  ✦ Pyrrhax Basaltborn casts Cairnfield Snare (15.3♦)
  ✦ Maelketh casts Brinerot Hex (19.7♦)
  ✦ Pyrrhax Basaltborn casts Blightloam Tithe (15.9♦)
  ✦ Maelketh casts Brinerot Hex (19.7♦)
  ✦ Pyrrhax Basaltborn casts Blightloam Tithe (15.9♦)
  ✦ Maelketh casts Brinerot Hex (19.7♦)
  ✦ Pyrrhax Basaltborn casts Bulwark of the Molten Vein (19.3♦)
  ✦ Maelketh casts Kelpguard (18.5♦)
  ✦ Pyrrhax Basaltborn casts Bulwark of the Molten Vein (19.3♦)
  ☠ Pyrrhax Basaltborn falls. Maelketh is victorious!
  ✦ Maelketh casts Maelstrom Rend (27♦)

★ RESULT over 9 matches: {"Pyrrhax Basaltborn":0,"Maelketh":9,"draw":0}
