
═══════════ MATCH 1: Pyrrhax Basaltborn wins @ 14.1s ═══════════
final HP: Pyrrhax Basaltborn=15  Maelketh=0
Pyrrhax Basaltborn: dealt 183 dmg | casts {"Blightloam Tithe":3,"Gravebloom Verdict":4} | fizzles 0 | policy errors 0 | winded ×0
Maelketh: dealt 76 dmg | casts {"Tidefang Lance":3,"Maelstrom Rend":1,"Kelpguard":5} | fizzles 0 | policy errors 0 | winded ×0
--- feed ---
  ✦ Pyrrhax Basaltborn casts Blightloam Tithe (15.9♦)
  ✦ Maelketh casts Tidefang Lance (13.1♦)
  ✦ Pyrrhax Basaltborn casts Blightloam Tithe (15.9♦)
  ✦ Maelketh casts Tidefang Lance (13.1♦)
  ✦ Maelketh casts Tidefang Lance (13.1♦)
  ✦ Pyrrhax Basaltborn casts Blightloam Tithe (15.9♦)
  ✦ Maelketh casts Maelstrom Rend (30.7♦)
  ✦ Pyrrhax Basaltborn casts Gravebloom Verdict (26.5♦)
  ✦ Maelketh casts Kelpguard (14.1♦)
  ✦ Pyrrhax Basaltborn casts Gravebloom Verdict (26.5♦)
  ✦ Maelketh casts Kelpguard (14.1♦)
  ✦ Maelketh casts Kelpguard (14.1♦)
  ✦ Pyrrhax Basaltborn casts Gravebloom Verdict (26.5♦)
  ✦ Maelketh casts Kelpguard (14.1♦)
  ✦ Maelketh casts Kelpguard (14.1♦)
  ☠ Maelketh falls. Pyrrhax Basaltborn is victorious!
  ✦ Pyrrhax Basaltborn casts Gravebloom Verdict (26.5♦)

═══════════ MATCH 2: Pyrrhax Basaltborn wins @ 14s ═══════════
final HP: Pyrrhax Basaltborn=15  Maelketh=0
Pyrrhax Basaltborn: dealt 209 dmg | casts {"Blightloam Tithe":3,"Gravebloom Verdict":4} | fizzles 0 | policy errors 0 | winded ×0
Maelketh: dealt 76 dmg | casts {"Tidefang Lance":3,"Maelstrom Rend":1,"Kelpguard":5} | fizzles 0 | policy errors 0 | winded ×0
--- feed ---
  ✦ Pyrrhax Basaltborn casts Blightloam Tithe (15.9♦)
  ✦ Maelketh casts Tidefang Lance (13.1♦)
  ✦ Pyrrhax Basaltborn casts Blightloam Tithe (15.9♦)
  ✦ Maelketh casts Tidefang Lance (13.1♦)
  ✦ Maelketh casts Tidefang Lance (13.1♦)
  ✦ Pyrrhax Basaltborn casts Blightloam Tithe (15.9♦)
  ✦ Maelketh casts Maelstrom Rend (30.7♦)
  ✦ Pyrrhax Basaltborn casts Gravebloom Verdict (26.5♦)
  ✦ Maelketh casts Kelpguard (14.1♦)
  ✦ Pyrrhax Basaltborn casts Gravebloom Verdict (26.5♦)
  ✦ Maelketh casts Kelpguard (14.1♦)
  ✦ Maelketh casts Kelpguard (14.1♦)
  ✦ Pyrrhax Basaltborn casts Gravebloom Verdict (26.5♦)
  ✦ Maelketh casts Kelpguard (14.1♦)
  ✦ Maelketh casts Kelpguard (14.1♦)
  ☠ Maelketh falls. Pyrrhax Basaltborn is victorious!
  ✦ Pyrrhax Basaltborn casts Gravebloom Verdict (26.5♦)

═══════════ MATCH 3: Maelketh wins @ 4.3s ═══════════
final HP: Pyrrhax Basaltborn=0  Maelketh=89
Pyrrhax Basaltborn: dealt 21 dmg | casts {"Bulwark of the Molten Vein":1,"Blightloam Tithe":1,"Gravebloom Verdict":1} | fizzles 0 | policy errors 0 | winded ×0
Maelketh: dealt 118 dmg | casts {"Tidefang Lance":2,"Maelstrom Rend":2} | fizzles 0 | policy errors 0 | winded ×0
--- feed ---
  ✦ Maelketh casts Tidefang Lance (13.1♦)
  ✦ Pyrrhax Basaltborn casts Bulwark of the Molten Vein (19.6♦)
  ✦ Pyrrhax Basaltborn casts Blightloam Tithe (15.9♦)
  ✦ Maelketh casts Tidefang Lance (13.1♦)
  ✦ Maelketh casts Maelstrom Rend (30.7♦)
  ✦ Pyrrhax Basaltborn casts Gravebloom Verdict (26.5♦)
  ☠ Pyrrhax Basaltborn falls. Maelketh is victorious!
  ✦ Maelketh casts Maelstrom Rend (30.7♦)

═══════════ MATCH 4: Pyrrhax Basaltborn wins @ 14s ═══════════
final HP: Pyrrhax Basaltborn=15  Maelketh=0
Pyrrhax Basaltborn: dealt 209 dmg | casts {"Blightloam Tithe":3,"Gravebloom Verdict":4} | fizzles 0 | policy errors 0 | winded ×0
Maelketh: dealt 76 dmg | casts {"Tidefang Lance":3,"Maelstrom Rend":1,"Kelpguard":5} | fizzles 0 | policy errors 0 | winded ×0
--- feed ---
  ✦ Pyrrhax Basaltborn casts Blightloam Tithe (15.9♦)
  ✦ Maelketh casts Tidefang Lance (13.1♦)
  ✦ Pyrrhax Basaltborn casts Blightloam Tithe (15.9♦)
  ✦ Maelketh casts Tidefang Lance (13.1♦)
  ✦ Maelketh casts Tidefang Lance (13.1♦)
  ✦ Pyrrhax Basaltborn casts Blightloam Tithe (15.9♦)
  ✦ Maelketh casts Maelstrom Rend (30.7♦)
  ✦ Pyrrhax Basaltborn casts Gravebloom Verdict (26.5♦)
  ✦ Maelketh casts Kelpguard (14.1♦)
  ✦ Pyrrhax Basaltborn casts Gravebloom Verdict (26.5♦)
  ✦ Maelketh casts Kelpguard (14.1♦)
  ✦ Maelketh casts Kelpguard (14.1♦)
  ✦ Pyrrhax Basaltborn casts Gravebloom Verdict (26.5♦)
  ✦ Maelketh casts Kelpguard (14.1♦)
  ✦ Maelketh casts Kelpguard (14.1♦)
  ☠ Maelketh falls. Pyrrhax Basaltborn is victorious!
  ✦ Pyrrhax Basaltborn casts Gravebloom Verdict (26.5♦)

═══════════ MATCH 5: Maelketh wins @ 4.1s ═══════════
final HP: Pyrrhax Basaltborn=0  Maelketh=89
Pyrrhax Basaltborn: dealt 21 dmg | casts {"Bulwark of the Molten Vein":1,"Blightloam Tithe":1,"Gravebloom Verdict":1} | fizzles 0 | policy errors 0 | winded ×0
Maelketh: dealt 118 dmg | casts {"Tidefang Lance":2,"Maelstrom Rend":2} | fizzles 0 | policy errors 0 | winded ×0
--- feed ---
  ✦ Maelketh casts Tidefang Lance (13.1♦)
  ✦ Pyrrhax Basaltborn casts Bulwark of the Molten Vein (19.6♦)
  ✦ Pyrrhax Basaltborn casts Blightloam Tithe (15.9♦)
  ✦ Maelketh casts Tidefang Lance (13.1♦)
  ✦ Maelketh casts Maelstrom Rend (30.7♦)
  ✦ Pyrrhax Basaltborn casts Gravebloom Verdict (26.5♦)
  ☠ Pyrrhax Basaltborn falls. Maelketh is victorious!
  ✦ Maelketh casts Maelstrom Rend (30.7♦)

═══════════ MATCH 6: Pyrrhax Basaltborn wins @ 14.1s ═══════════
final HP: Pyrrhax Basaltborn=15  Maelketh=0
Pyrrhax Basaltborn: dealt 209 dmg | casts {"Blightloam Tithe":3,"Gravebloom Verdict":4} | fizzles 0 | policy errors 0 | winded ×0
Maelketh: dealt 76 dmg | casts {"Tidefang Lance":3,"Maelstrom Rend":1,"Kelpguard":5} | fizzles 0 | policy errors 0 | winded ×0
--- feed ---
  ✦ Pyrrhax Basaltborn casts Blightloam Tithe (15.9♦)
  ✦ Maelketh casts Tidefang Lance (13.1♦)
  ✦ Pyrrhax Basaltborn casts Blightloam Tithe (15.9♦)
  ✦ Maelketh casts Tidefang Lance (13.1♦)
  ✦ Maelketh casts Tidefang Lance (13.1♦)
  ✦ Pyrrhax Basaltborn casts Blightloam Tithe (15.9♦)
  ✦ Maelketh casts Maelstrom Rend (30.7♦)
  ✦ Pyrrhax Basaltborn casts Gravebloom Verdict (26.5♦)
  ✦ Maelketh casts Kelpguard (14.1♦)
  ✦ Pyrrhax Basaltborn casts Gravebloom Verdict (26.5♦)
  ✦ Maelketh casts Kelpguard (14.1♦)
  ✦ Maelketh casts Kelpguard (14.1♦)
  ✦ Pyrrhax Basaltborn casts Gravebloom Verdict (26.5♦)
  ✦ Maelketh casts Kelpguard (14.1♦)
  ✦ Maelketh casts Kelpguard (14.1♦)
  ☠ Maelketh falls. Pyrrhax Basaltborn is victorious!
  ✦ Pyrrhax Basaltborn casts Gravebloom Verdict (26.5♦)

═══════════ MATCH 7: Pyrrhax Basaltborn wins @ 14.3s ═══════════
final HP: Pyrrhax Basaltborn=15  Maelketh=0
Pyrrhax Basaltborn: dealt 183 dmg | casts {"Blightloam Tithe":3,"Gravebloom Verdict":4} | fizzles 0 | policy errors 0 | winded ×0
Maelketh: dealt 76 dmg | casts {"Tidefang Lance":3,"Maelstrom Rend":1,"Kelpguard":5} | fizzles 0 | policy errors 0 | winded ×0
--- feed ---
  ✦ Pyrrhax Basaltborn casts Blightloam Tithe (15.9♦)
  ✦ Maelketh casts Tidefang Lance (13.1♦)
  ✦ Pyrrhax Basaltborn casts Blightloam Tithe (15.9♦)
  ✦ Maelketh casts Tidefang Lance (13.1♦)
  ✦ Maelketh casts Tidefang Lance (13.1♦)
  ✦ Pyrrhax Basaltborn casts Blightloam Tithe (15.9♦)
  ✦ Maelketh casts Maelstrom Rend (30.7♦)
  ✦ Pyrrhax Basaltborn casts Gravebloom Verdict (26.5♦)
  ✦ Maelketh casts Kelpguard (14.1♦)
  ✦ Pyrrhax Basaltborn casts Gravebloom Verdict (26.5♦)
  ✦ Maelketh casts Kelpguard (14.1♦)
  ✦ Maelketh casts Kelpguard (14.1♦)
  ✦ Pyrrhax Basaltborn casts Gravebloom Verdict (26.5♦)
  ✦ Maelketh casts Kelpguard (14.1♦)
  ✦ Maelketh casts Kelpguard (14.1♦)
  ☠ Maelketh falls. Pyrrhax Basaltborn is victorious!
  ✦ Pyrrhax Basaltborn casts Gravebloom Verdict (26.5♦)

═══════════ MATCH 8: Maelketh wins @ 4.1s ═══════════
final HP: Pyrrhax Basaltborn=0  Maelketh=89
Pyrrhax Basaltborn: dealt 18 dmg | casts {"Bulwark of the Molten Vein":1,"Blightloam Tithe":1,"Gravebloom Verdict":1} | fizzles 0 | policy errors 0 | winded ×0
Maelketh: dealt 117 dmg | casts {"Tidefang Lance":2,"Maelstrom Rend":2} | fizzles 0 | policy errors 0 | winded ×0
--- feed ---
  ✦ Maelketh casts Tidefang Lance (13.1♦)
  ✦ Pyrrhax Basaltborn casts Bulwark of the Molten Vein (19.6♦)
  ✦ Pyrrhax Basaltborn casts Blightloam Tithe (15.9♦)
  ✦ Maelketh casts Tidefang Lance (13.1♦)
  ✦ Maelketh casts Maelstrom Rend (30.7♦)
  ✦ Pyrrhax Basaltborn casts Gravebloom Verdict (26.5♦)
  ☠ Pyrrhax Basaltborn falls. Maelketh is victorious!
  ✦ Maelketh casts Maelstrom Rend (30.7♦)

═══════════ MATCH 9: Maelketh wins @ 4.1s ═══════════
final HP: Pyrrhax Basaltborn=0  Maelketh=91
Pyrrhax Basaltborn: dealt 18 dmg | casts {"Bulwark of the Molten Vein":1,"Blightloam Tithe":1,"Gravebloom Verdict":1} | fizzles 0 | policy errors 0 | winded ×0
Maelketh: dealt 118 dmg | casts {"Tidefang Lance":2,"Maelstrom Rend":2} | fizzles 0 | policy errors 0 | winded ×0
--- feed ---
  ✦ Maelketh casts Tidefang Lance (13.1♦)
  ✦ Pyrrhax Basaltborn casts Bulwark of the Molten Vein (19.6♦)
  ✦ Pyrrhax Basaltborn casts Blightloam Tithe (15.9♦)
  ✦ Maelketh casts Tidefang Lance (13.1♦)
  ✦ Maelketh casts Maelstrom Rend (30.7♦)
  ✦ Pyrrhax Basaltborn casts Gravebloom Verdict (26.5♦)
  ☠ Pyrrhax Basaltborn falls. Maelketh is victorious!
  ✦ Maelketh casts Maelstrom Rend (30.7♦)

★ RESULT over 9 matches: {"Pyrrhax Basaltborn":5,"Maelketh":4,"draw":0}
