
═══════════ MATCH 1: Pyrrhax Basaltborn wins @ 6.2s ═══════════
final HP: Pyrrhax Basaltborn=20  Maelketh=0
Pyrrhax Basaltborn: dealt 209 dmg | casts {"Blightloam Tithe":2,"Quakeshard":1,"Gravebloom Verdict":2} | fizzles 0 | policy errors 0 | winded ×0
Maelketh: dealt 50 dmg | casts {"Tidefang Lance":2,"Maelstrom Rend":1,"Kelpguard":3} | fizzles 0 | policy errors 0 | winded ×0
--- feed ---
  ✦ Pyrrhax Basaltborn casts Blightloam Tithe (15.9♦)
  ✦ Maelketh casts Tidefang Lance (13.1♦)
  ✦ Pyrrhax Basaltborn casts Quakeshard (9.3♦)
  ✦ Maelketh casts Tidefang Lance (13.1♦)
  ✦ Pyrrhax Basaltborn casts Blightloam Tithe (15.9♦)
  ✦ Pyrrhax Basaltborn casts Gravebloom Verdict (29.9♦)
  ✦ Maelketh casts Maelstrom Rend (30.8♦)
  ✦ Maelketh casts Kelpguard (14.1♦)
  ✦ Maelketh casts Kelpguard (14.1♦)
  ✦ Maelketh casts Kelpguard (14.1♦)
  ☠ Maelketh falls. Pyrrhax Basaltborn is victorious!
  ✦ Pyrrhax Basaltborn casts Gravebloom Verdict (29.9♦)

═══════════ MATCH 2: Pyrrhax Basaltborn wins @ 6.1s ═══════════
final HP: Pyrrhax Basaltborn=21  Maelketh=0
Pyrrhax Basaltborn: dealt 209 dmg | casts {"Blightloam Tithe":2,"Quakeshard":1,"Gravebloom Verdict":2} | fizzles 0 | policy errors 0 | winded ×0
Maelketh: dealt 50 dmg | casts {"Tidefang Lance":2,"Maelstrom Rend":1,"Kelpguard":3} | fizzles 0 | policy errors 0 | winded ×0
--- feed ---
  ✦ Pyrrhax Basaltborn casts Blightloam Tithe (15.9♦)
  ✦ Maelketh casts Tidefang Lance (13.1♦)
  ✦ Pyrrhax Basaltborn casts Quakeshard (9.3♦)
  ✦ Maelketh casts Tidefang Lance (13.1♦)
  ✦ Pyrrhax Basaltborn casts Blightloam Tithe (15.9♦)
  ✦ Pyrrhax Basaltborn casts Gravebloom Verdict (29.9♦)
  ✦ Maelketh casts Maelstrom Rend (30.8♦)
  ✦ Maelketh casts Kelpguard (14.1♦)
  ✦ Maelketh casts Kelpguard (14.1♦)
  ✦ Maelketh casts Kelpguard (14.1♦)
  ☠ Maelketh falls. Pyrrhax Basaltborn is victorious!
  ✦ Pyrrhax Basaltborn casts Gravebloom Verdict (29.9♦)

═══════════ MATCH 3: Pyrrhax Basaltborn wins @ 6s ═══════════
final HP: Pyrrhax Basaltborn=20  Maelketh=0
Pyrrhax Basaltborn: dealt 193 dmg | casts {"Blightloam Tithe":2,"Quakeshard":1,"Gravebloom Verdict":2} | fizzles 0 | policy errors 0 | winded ×0
Maelketh: dealt 50 dmg | casts {"Tidefang Lance":2,"Maelstrom Rend":1,"Kelpguard":3} | fizzles 0 | policy errors 0 | winded ×0
--- feed ---
  ✦ Pyrrhax Basaltborn casts Blightloam Tithe (15.9♦)
  ✦ Maelketh casts Tidefang Lance (13.1♦)
  ✦ Pyrrhax Basaltborn casts Quakeshard (9.3♦)
  ✦ Maelketh casts Tidefang Lance (13.1♦)
  ✦ Pyrrhax Basaltborn casts Blightloam Tithe (15.9♦)
  ✦ Pyrrhax Basaltborn casts Gravebloom Verdict (29.9♦)
  ✦ Maelketh casts Maelstrom Rend (30.8♦)
  ✦ Maelketh casts Kelpguard (14.1♦)
  ✦ Maelketh casts Kelpguard (14.1♦)
  ✦ Maelketh casts Kelpguard (14.1♦)
  ☠ Maelketh falls. Pyrrhax Basaltborn is victorious!
  ✦ Pyrrhax Basaltborn casts Gravebloom Verdict (29.9♦)

═══════════ MATCH 4: Pyrrhax Basaltborn wins @ 6s ═══════════
final HP: Pyrrhax Basaltborn=20  Maelketh=0
Pyrrhax Basaltborn: dealt 209 dmg | casts {"Blightloam Tithe":2,"Quakeshard":1,"Gravebloom Verdict":2} | fizzles 0 | policy errors 0 | winded ×0
Maelketh: dealt 50 dmg | casts {"Tidefang Lance":2,"Maelstrom Rend":1,"Kelpguard":3} | fizzles 0 | policy errors 0 | winded ×0
--- feed ---
  ✦ Pyrrhax Basaltborn casts Blightloam Tithe (15.9♦)
  ✦ Maelketh casts Tidefang Lance (13.1♦)
  ✦ Pyrrhax Basaltborn casts Quakeshard (9.3♦)
  ✦ Maelketh casts Tidefang Lance (13.1♦)
  ✦ Pyrrhax Basaltborn casts Blightloam Tithe (15.9♦)
  ✦ Pyrrhax Basaltborn casts Gravebloom Verdict (29.9♦)
  ✦ Maelketh casts Maelstrom Rend (30.8♦)
  ✦ Maelketh casts Kelpguard (14.1♦)
  ✦ Maelketh casts Kelpguard (14.1♦)
  ✦ Maelketh casts Kelpguard (14.1♦)
  ☠ Maelketh falls. Pyrrhax Basaltborn is victorious!
  ✦ Pyrrhax Basaltborn casts Gravebloom Verdict (29.9♦)

═══════════ MATCH 5: Pyrrhax Basaltborn wins @ 6s ═══════════
final HP: Pyrrhax Basaltborn=21  Maelketh=0
Pyrrhax Basaltborn: dealt 200 dmg | casts {"Blightloam Tithe":2,"Quakeshard":1,"Gravebloom Verdict":2} | fizzles 0 | policy errors 0 | winded ×0
Maelketh: dealt 50 dmg | casts {"Tidefang Lance":2,"Maelstrom Rend":1,"Kelpguard":3} | fizzles 0 | policy errors 0 | winded ×0
--- feed ---
  ✦ Pyrrhax Basaltborn casts Blightloam Tithe (15.9♦)
  ✦ Maelketh casts Tidefang Lance (13.1♦)
  ✦ Pyrrhax Basaltborn casts Quakeshard (9.3♦)
  ✦ Maelketh casts Tidefang Lance (13.1♦)
  ✦ Pyrrhax Basaltborn casts Blightloam Tithe (15.9♦)
  ✦ Pyrrhax Basaltborn casts Gravebloom Verdict (29.9♦)
  ✦ Maelketh casts Maelstrom Rend (30.8♦)
  ✦ Maelketh casts Kelpguard (14.1♦)
  ✦ Maelketh casts Kelpguard (14.1♦)
  ✦ Maelketh casts Kelpguard (14.1♦)
  ☠ Maelketh falls. Pyrrhax Basaltborn is victorious!
  ✦ Pyrrhax Basaltborn casts Gravebloom Verdict (29.9♦)

═══════════ MATCH 6: Pyrrhax Basaltborn wins @ 6.1s ═══════════
final HP: Pyrrhax Basaltborn=21  Maelketh=0
Pyrrhax Basaltborn: dealt 193 dmg | casts {"Blightloam Tithe":2,"Quakeshard":1,"Gravebloom Verdict":2} | fizzles 0 | policy errors 0 | winded ×0
Maelketh: dealt 50 dmg | casts {"Tidefang Lance":2,"Maelstrom Rend":1,"Kelpguard":3} | fizzles 0 | policy errors 0 | winded ×0
--- feed ---
  ✦ Pyrrhax Basaltborn casts Blightloam Tithe (15.9♦)
  ✦ Maelketh casts Tidefang Lance (13.1♦)
  ✦ Pyrrhax Basaltborn casts Quakeshard (9.3♦)
  ✦ Maelketh casts Tidefang Lance (13.1♦)
  ✦ Pyrrhax Basaltborn casts Blightloam Tithe (15.9♦)
  ✦ Pyrrhax Basaltborn casts Gravebloom Verdict (29.9♦)
  ✦ Maelketh casts Maelstrom Rend (30.8♦)
  ✦ Maelketh casts Kelpguard (14.1♦)
  ✦ Maelketh casts Kelpguard (14.1♦)
  ✦ Maelketh casts Kelpguard (14.1♦)
  ☠ Maelketh falls. Pyrrhax Basaltborn is victorious!
  ✦ Pyrrhax Basaltborn casts Gravebloom Verdict (29.9♦)

═══════════ MATCH 7: Pyrrhax Basaltborn wins @ 6.1s ═══════════
final HP: Pyrrhax Basaltborn=20  Maelketh=0
Pyrrhax Basaltborn: dealt 209 dmg | casts {"Blightloam Tithe":2,"Quakeshard":1,"Gravebloom Verdict":2} | fizzles 0 | policy errors 0 | winded ×0
Maelketh: dealt 50 dmg | casts {"Tidefang Lance":2,"Maelstrom Rend":1,"Kelpguard":3} | fizzles 0 | policy errors 0 | winded ×0
--- feed ---
  ✦ Pyrrhax Basaltborn casts Blightloam Tithe (15.9♦)
  ✦ Maelketh casts Tidefang Lance (13.1♦)
  ✦ Pyrrhax Basaltborn casts Quakeshard (9.3♦)
  ✦ Maelketh casts Tidefang Lance (13.1♦)
  ✦ Pyrrhax Basaltborn casts Blightloam Tithe (15.9♦)
  ✦ Pyrrhax Basaltborn casts Gravebloom Verdict (29.9♦)
  ✦ Maelketh casts Maelstrom Rend (30.8♦)
  ✦ Maelketh casts Kelpguard (14.1♦)
  ✦ Maelketh casts Kelpguard (14.1♦)
  ✦ Maelketh casts Kelpguard (14.1♦)
  ☠ Maelketh falls. Pyrrhax Basaltborn is victorious!
  ✦ Pyrrhax Basaltborn casts Gravebloom Verdict (29.9♦)

═══════════ MATCH 8: Pyrrhax Basaltborn wins @ 6.1s ═══════════
final HP: Pyrrhax Basaltborn=20  Maelketh=0
Pyrrhax Basaltborn: dealt 209 dmg | casts {"Blightloam Tithe":2,"Quakeshard":1,"Gravebloom Verdict":2} | fizzles 0 | policy errors 0 | winded ×0
Maelketh: dealt 50 dmg | casts {"Tidefang Lance":2,"Maelstrom Rend":1,"Kelpguard":3} | fizzles 0 | policy errors 0 | winded ×0
--- feed ---
  ✦ Pyrrhax Basaltborn casts Blightloam Tithe (15.9♦)
  ✦ Maelketh casts Tidefang Lance (13.1♦)
  ✦ Pyrrhax Basaltborn casts Quakeshard (9.3♦)
  ✦ Maelketh casts Tidefang Lance (13.1♦)
  ✦ Pyrrhax Basaltborn casts Blightloam Tithe (15.9♦)
  ✦ Pyrrhax Basaltborn casts Gravebloom Verdict (29.9♦)
  ✦ Maelketh casts Maelstrom Rend (30.8♦)
  ✦ Maelketh casts Kelpguard (14.1♦)
  ✦ Maelketh casts Kelpguard (14.1♦)
  ✦ Maelketh casts Kelpguard (14.1♦)
  ☠ Maelketh falls. Pyrrhax Basaltborn is victorious!
  ✦ Pyrrhax Basaltborn casts Gravebloom Verdict (29.9♦)

═══════════ MATCH 9: Pyrrhax Basaltborn wins @ 6.2s ═══════════
final HP: Pyrrhax Basaltborn=21  Maelketh=0
Pyrrhax Basaltborn: dealt 193 dmg | casts {"Blightloam Tithe":2,"Quakeshard":1,"Gravebloom Verdict":2} | fizzles 0 | policy errors 0 | winded ×0
Maelketh: dealt 50 dmg | casts {"Tidefang Lance":2,"Maelstrom Rend":1,"Kelpguard":3} | fizzles 0 | policy errors 0 | winded ×0
--- feed ---
  ✦ Maelketh casts Tidefang Lance (13.1♦)
  ✦ Pyrrhax Basaltborn casts Blightloam Tithe (15.9♦)
  ✦ Pyrrhax Basaltborn casts Quakeshard (9.3♦)
  ✦ Maelketh casts Tidefang Lance (13.1♦)
  ✦ Pyrrhax Basaltborn casts Blightloam Tithe (15.9♦)
  ✦ Pyrrhax Basaltborn casts Gravebloom Verdict (29.9♦)
  ✦ Maelketh casts Maelstrom Rend (30.8♦)
  ✦ Maelketh casts Kelpguard (14.1♦)
  ✦ Maelketh casts Kelpguard (14.1♦)
  ✦ Maelketh casts Kelpguard (14.1♦)
  ☠ Maelketh falls. Pyrrhax Basaltborn is victorious!
  ✦ Pyrrhax Basaltborn casts Gravebloom Verdict (29.9♦)

★ RESULT over 9 matches: {"Pyrrhax Basaltborn":9,"Maelketh":0,"draw":0}
